Component: ARM Compiler 5.06 (build 20) Tool: armlink [4d35a3]

==============================================================================

Section Cross References

    main.o(.text) refers to pwm.o(.text) for pwm_init
    main.o(.text) refers to usart.o(.text) for usart_init
    main.o(.text) refers to printf.o(.text) for printf_init
    main.o(.text) refers to adc.o(.text) for adc_init
    main.o(.text) refers to key.o(.text) for Key_IO_Init
    main.o(.text) refers to pid.o(.text) for PIDM1_Init
    main.o(.text) refers to printf1.o(i.__0printf$1) for __2printf
    main.o(.text) refers to timer.o(.text) for timer_init
    system_stm32f10x.o(.text) refers to system_stm32f10x.o(.data) for SystemCoreClock
    startup_stm32f10x_hd.o(RESET) refers to startup_stm32f10x_hd.o(STACK) for __initial_sp
    startup_stm32f10x_hd.o(RESET) refers to startup_stm32f10x_hd.o(.text) for Reset_Handler
    startup_stm32f10x_hd.o(RESET) refers to stm32f10x_it.o(.text) for NMI_Handler
    startup_stm32f10x_hd.o(RESET) refers to timer.o(.text) for TIM3_IRQHandler
    startup_stm32f10x_hd.o(RESET) refers to usart.o(.text) for USART1_IRQHandler
    startup_stm32f10x_hd.o(.text) refers to system_stm32f10x.o(.text) for SystemInit
    startup_stm32f10x_hd.o(.text) refers to entry.o(.ARM.Collect$$$$00000000) for __main
    stm32f10x_gpio.o(.text) refers to stm32f10x_rcc.o(.text) for RCC_APB2PeriphResetCmd
    stm32f10x_rcc.o(.text) refers to stm32f10x_rcc.o(.data) for APBAHBPrescTable
    stm32f10x_usart.o(.text) refers to stm32f10x_rcc.o(.text) for RCC_APB2PeriphResetCmd
    stm32f10x_tim.o(.text) refers to stm32f10x_rcc.o(.text) for RCC_APB2PeriphResetCmd
    stm32f10x_adc.o(.text) refers to stm32f10x_rcc.o(.text) for RCC_APB2PeriphResetCmd
    key.o(.text) refers to system_stm32f10x.o(.text) for SystemInit
    key.o(.text) refers to stm32f10x_rcc.o(.text) for RCC_APB2PeriphClockCmd
    key.o(.text) refers to stm32f10x_gpio.o(.text) for GPIO_Init
    key.o(.text) refers to delay.o(.text) for delay_us
    key.o(.text) refers to stm32f10x_tim.o(.text) for TIM_SetCompare2
    key.o(.text) refers to printf1.o(i.__0printf$1) for __2printf
    key.o(.text) refers to main.o(.data) for i
    key.o(.text) refers to key.o(.data) for j
    usart.o(.text) refers to stm32f10x_rcc.o(.text) for RCC_APB2PeriphClockCmd
    usart.o(.text) refers to stm32f10x_gpio.o(.text) for GPIO_Init
    usart.o(.text) refers to stm32f10x_usart.o(.text) for USART_Init
    usart.o(.text) refers to misc.o(.text) for NVIC_PriorityGroupConfig
    usart.o(.text) refers to usart.o(.data) for k
    timer.o(.text) refers to stm32f10x_rcc.o(.text) for RCC_APB1PeriphClockCmd
    timer.o(.text) refers to stm32f10x_tim.o(.text) for TIM_ClearITPendingBit
    timer.o(.text) refers to misc.o(.text) for NVIC_PriorityGroupConfig
    timer.o(.text) refers to stm32f10x_adc.o(.text) for ADC_SoftwareStartConvCmd
    timer.o(.text) refers to fdiv.o(.text) for __aeabi_fdiv
    timer.o(.text) refers to f2d.o(.text) for __aeabi_f2d
    timer.o(.text) refers to dmul.o(.text) for __aeabi_dmul
    timer.o(.text) refers to sin.o(i.sin) for sin
    timer.o(.text) refers to dadd.o(.text) for __aeabi_dadd
    timer.o(.text) refers to d2f.o(.text) for __aeabi_d2f
    timer.o(.text) refers to fadd.o(.text) for __aeabi_fadd
    timer.o(.text) refers to pid.o(.text) for PIDM1_PosLocCalc
    timer.o(.text) refers to pwm.o(.text) for pwm_x
    timer.o(.text) refers to timer.o(.data) for o
    adc.o(.text) refers to stm32f10x_rcc.o(.text) for RCC_APB2PeriphClockCmd
    adc.o(.text) refers to stm32f10x_dma.o(.text) for DMA_DeInit
    adc.o(.text) refers to stm32f10x_gpio.o(.text) for GPIO_Init
    adc.o(.text) refers to stm32f10x_adc.o(.text) for ADC_Init
    adc.o(.text) refers to main.o(.bss) for AD_Value
    printf.o(.text) refers to stm32f10x_usart.o(.text) for USART_SendData
    printf.o(.text) refers to stm32f10x_rcc.o(.text) for RCC_APB2PeriphClockCmd
    printf.o(.text) refers to stm32f10x_gpio.o(.text) for GPIO_Init
    printf.o(.text) refers to misc.o(.text) for NVIC_PriorityGroupConfig
    pwm.o(.text) refers to stm32f10x_rcc.o(.text) for RCC_APB2PeriphClockCmd
    pwm.o(.text) refers to stm32f10x_gpio.o(.text) for GPIO_Init
    pwm.o(.text) refers to stm32f10x_tim.o(.text) for TIM_TimeBaseInit
    pwm.o(.text) refers to printf1.o(i.__0printf$1) for __2printf
    gy61.o(.text) refers to dfltui.o(.text) for __aeabi_ui2d
    gy61.o(.text) refers to dadd.o(.text) for __aeabi_dsub
    gy61.o(.text) refers to dmul.o(.text) for __aeabi_dmul
    gy61.o(.text) refers to d2f.o(.text) for __aeabi_d2f
    pid.o(.text) refers to fadd.o(.text) for __aeabi_frsub
    pid.o(.text) refers to f2d.o(.text) for __aeabi_f2d
    pid.o(.text) refers to dadd.o(.text) for __aeabi_dadd
    pid.o(.text) refers to cdrcmple.o(.text) for __aeabi_cdrcmple
    pid.o(.text) refers to cdcmple.o(.text) for __aeabi_cdcmple
    pid.o(.text) refers to fmul.o(.text) for __aeabi_fmul
[...]
    printf3.o(i.__0vprintf$3) refers to stdout.o(.data) for __stdout
    printf3.o(i.__0vsnprintf$3) refers to printf3.o(i._printf_core) for _printf_core
    printf3.o(i.__0vsnprintf$3) refers to printf3.o(i._snputc) for _snputc
    printf3.o(i.__0vsprintf$3) refers to printf3.o(i._printf_core) for _printf_core
    printf3.o(i.__0vsprintf$3) refers to printf3.o(i._sputc) for _sputc
    printf3.o(i._printf_core) refers to uidiv.o(.text) for __aeabi_uidivmod
    printf4.o(i.__0fprintf$4) refers to printf4.o(i._printf_core) for _printf_core
    printf4.o(i.__0fprintf$4) refers to printf.o(.text) for fputc
    printf4.o(i.__0printf$4) refers to printf4.o(i._printf_core) for _printf_core
    printf4.o(i.__0printf$4) refers to printf.o(.text) for fputc
    printf4.o(i.__0printf$4) refers to stdout.o(.data) for __stdout
    printf4.o(i.__0snprintf$4) refers to printf4.o(i._printf_core) for _printf_core
    printf4.o(i.__0snprintf$4) refers to printf4.o(i._snputc) for _snputc
    printf4.o(i.__0sprintf$4) refers to printf4.o(i._printf_core) for _printf_core
    printf4.o(i.__0sprintf$4) refers to printf4.o(i._sputc) for _sputc
    printf4.o(i.__0vfprintf$4) refers to printf4.o(i._printf_core) for _printf_core
    printf4.o(i.__0vfprintf$4) refers to printf.o(.text) for fputc
    printf4.o(i.__0vprintf$4) refers to printf4.o(i._printf_core) for _printf_core
    printf4.o(i.__0vprintf$4) refers to printf.o(.text) for fputc
    printf4.o(i.__0vprintf$4) refers to stdout.o(.data) for __stdout
    printf4.o(i.__0vsnprintf$4) refers to printf4.o(i._printf_core) for _printf_core
    printf4.o(i.__0vsnprintf$4) refers to printf4.o(i._snputc) for _snputc
    printf4.o(i.__0vsprintf$4) refers to printf4.o(i._printf_core) for _printf_core
    printf4.o(i.__0vsprintf$4) refers to printf4.o(i._sputc) for _sputc
    printf4.o(i._printf_core) refers to uldiv.o(.text) for __aeabi_uldivmod
    printf5.o(i.__0fprintf$5) refers to printf5.o(i._printf_core) for _printf_core
    printf5.o(i.__0fprintf$5) refers to printf.o(.text) for fputc
    printf5.o(i.__0printf$5) refers to printf5.o(i._printf_core) for _printf_core
    printf5.o(i.__0printf$5) refers to printf.o(.text) for fputc
    printf5.o(i.__0printf$5) refers to stdout.o(.data) for __stdout
    printf5.o(i.__0snprintf$5) refers to printf5.o(i._printf_core) for _printf_core
    printf5.o(i.__0snprintf$5) refers to printf5.o(i._snputc) for _snputc
    printf5.o(i.__0sprintf$5) refers to printf5.o(i._printf_core) for _printf_core
    printf5.o(i.__0sprintf$5) refers to printf5.o(i._sputc) for _sputc
    printf5.o(i.__0vfprintf$5) refers to printf5.o(i._printf_core) for _printf_core
    printf5.o(i.__0vfprintf$5) refers to printf.o(.text) for fputc
    printf5.o(i.__0vprintf$5) refers to printf5.o(i._printf_core) for _printf_core
    printf5.o(i.__0vprintf$5) refers to printf.o(.text) for fputc
    printf5.o(i.__0vprintf$5) refers to stdout.o(.data) for __stdout
    printf5.o(i.__0vsnprintf$5) refers to printf5.o(i._printf_core) for _printf_core
    printf5.o(i.__0vsnprintf$5) refers to printf5.o(i._snputc) for _snputc
    printf5.o(i.__0vsprintf$5) refers to printf5.o(i._printf_core) for _printf_core
    printf5.o(i.__0vsprintf$5) refers to printf5.o(i._sputc) for _sputc
    printf5.o(i._printf_core) refers to uldiv.o(.text) for __aeabi_uldivmod
    printf6.o(i.__0fprintf$6) refers to printf6.o(i._printf_core) for _printf_core
    printf6.o(i.__0fprintf$6) refers to printf.o(.text) for fputc
    printf6.o(i.__0printf$6) refers to printf6.o(i._printf_core) for _printf_core
    printf6.o(i.__0printf$6) refers to printf.o(.text) for fputc
    printf6.o(i.__0printf$6) refers to stdout.o(.data) for __stdout
    printf6.o(i.__0snprintf$6) refers to printf6.o(i._printf_core) for _printf_core
    printf6.o(i.__0snprintf$6) refers to printf6.o(i._snputc) for _snputc
    printf6.o(i.__0sprintf$6) refers to printf6.o(i._printf_core) for _printf_core
    printf6.o(i.__0sprintf$6) refers to printf6.o(i._sputc) for _sputc
    printf6.o(i.__0vfprintf$6) refers to printf6.o(i._printf_core) for _printf_core
    printf6.o(i.__0vfprintf$6) refers to printf.o(.text) for fputc
    printf6.o(i.__0vprintf$6) refers to printf6.o(i._printf_core) for _printf_core
    printf6.o(i.__0vprintf$6) refers to printf.o(.text) for fputc
    printf6.o(i.__0vprintf$6) refers to stdout.o(.data) for __stdout
    printf6.o(i.__0vsnprintf$6) refers to printf6.o(i._printf_core) for _printf_core
    printf6.o(i.__0vsnprintf$6) refers to printf6.o(i._snputc) for _snputc
    printf6.o(i.__0vsprintf$6) refers to printf6.o(i._printf_core) for _printf_core
    printf6.o(i.__0vsprintf$6) refers to printf6.o(i._sputc) for _sputc
    printf6.o(i._printf_core) refers to printf6.o(i._printf_pre_padding) for _printf_pre_padding
    printf6.o(i._printf_core) refers to uidiv.o(.text) for __aeabi_uidivmod
    printf6.o(i._printf_core) refers to printf6.o(i._printf_post_padding) for _printf_post_padding
    printf7.o(i.__0fprintf$7) refers to printf7.o(i._printf_core) for _printf_core
    printf7.o(i.__0fprintf$7) refers to printf.o(.text) for fputc
    printf7.o(i.__0printf$7) refers to printf7.o(i._printf_core) for _printf_core
    printf7.o(i.__0printf$7) refers to printf.o(.text) for fputc
    printf7.o(i.__0printf$7) refers to stdout.o(.data) for __stdout
    printf7.o(i.__0snprintf$7) refers to printf7.o(i._printf_core) for _printf_core
    printf7.o(i.__0snprintf$7) refers to printf7.o(i._snputc) for _snputc
    printf7.o(i.__0sprintf$7) refers to printf7.o(i._printf_core) for _printf_core
    printf7.o(i.__0sprintf$7) refers to printf7.o(i._sputc) for _sputc
    printf7.o(i.__0vfprintf$7) refers to printf7.o(i._printf_core) for _printf_core
    printf7.o(i.__0vfprintf$7) refers to printf.o(.text) for fputc
    printf7.o(i.__0vprintf$7) refers to printf7.o(i._printf_core) for _printf_core
    printf7.o(i.__0vprintf$7) refers to printf.o(.text) for fputc
    printf7.o(i.__0vprintf$7) refers to stdout.o(.data) for __stdout
    printf7.o(i.__0vsnprintf$7) refers to printf7.o(i._printf_core) for _printf_core
    printf7.o(i.__0vsnprintf$7) refers to printf7.o(i._snputc) for _snputc
    printf7.o(i.__0vsprintf$7) refers to printf7.o(i._printf_core) for _printf_core
    printf7.o(i.__0vsprintf$7) refers to printf7.o(i._sputc) for _sputc
    printf7.o(i._printf_core) refers to printf7.o(i._printf_pre_padding) for _printf_pre_padding
    printf7.o(i._printf_core) refers to uldiv.o(.text) for __aeabi_uldivmod
    printf7.o(i._printf_core) refers to printf7.o(i._printf_post_padding) for _printf_post_padding
    printf8.o(i.__0fprintf$8) refers to printf8.o(i._printf_core) for _printf_core
    printf8.o(i.__0fprintf$8) refers to printf.o(.text) for fputc
    printf8.o(i.__0printf$8) refers to printf8.o(i._printf_core) for _printf_core
    printf8.o(i.__0printf$8) refers to printf.o(.text) for fputc
    printf8.o(i.__0printf$8) refers to stdout.o(.data) for __stdout
    printf8.o(i.__0snprintf$8) refers to printf8.o(i._printf_core) for _printf_core
    printf8.o(i.__0snprintf$8) refers to printf8.o(i._snputc) for _snputc
    printf8.o(i.__0sprintf$8) refers to printf8.o(i._printf_core) for _printf_core
    printf8.o(i.__0sprintf$8) refers to printf8.o(i._sputc) for _sputc
    printf8.o(i.__0vfprintf$8) refers to printf8.o(i._printf_core) for _printf_core
    printf8.o(i.__0vfprintf$8) refers to printf.o(.text) for fputc
    printf8.o(i.__0vprintf$8) refers to printf8.o(i._printf_core) for _printf_core
    printf8.o(i.__0vprintf$8) refers to printf.o(.text) for fputc
    printf8.o(i.__0vprintf$8) refers to stdout.o(.data) for __stdout
    printf8.o(i.__0vsnprintf$8) refers to printf8.o(i._printf_core) for _printf_core
    printf8.o(i.__0vsnprintf$8) refers to printf8.o(i._snputc) for _snputc
    printf8.o(i.__0vsprintf$8) refers to printf8.o(i._printf_core) for _printf_core
    printf8.o(i.__0vsprintf$8) refers to printf8.o(i._sputc) for _sputc
    printf8.o(i._printf_core) refers to printf8.o(i._printf_pre_padding) for _printf_pre_padding
    printf8.o(i._printf_core) refers to uldiv.o(.text) for __aeabi_uldivmod
    printf8.o(i._printf_core) refers to printf8.o(i._printf_post_padding) for _printf_post_padding
    printfa.o(i.__0fprintf) refers (Special) to iusefp.o(.text) for __I$use$fp
    printfa.o(i.__0fprintf) refers to printfa.o(i._printf_core) for _printf_core
    printfa.o(i.__0fprintf) refers to printf.o(.text) for fputc
    printfa.o(i.__0printf) refers (Special) to iusefp.o(.text) for __I$use$fp
    printfa.o(i.__0printf) refers to printfa.o(i._printf_core) for _printf_core
    printfa.o(i.__0printf) refers to printf.o(.text) for fputc
    printfa.o(i.__0printf) refers to stdout.o(.data) for __stdout
    printfa.o(i.__0snprintf) refers (Special) to iusefp.o(.text) for __I$use$fp
    printfa.o(i.__0snprintf) refers to printfa.o(i._printf_core) for _printf_core
    printfa.o(i.__0snprintf) refers to printfa.o(i._snputc) for _snputc
    printfa.o(i.__0sprintf) refers (Special) to iusefp.o(.text) for __I$use$fp
    printfa.o(i.__0sprintf) refers to printfa.o(i._printf_core) for _printf_core
    printfa.o(i.__0sprintf) refers to printfa.o(i._sputc) for _sputc
    printfa.o(i.__0vfprintf) refers (Special) to iusefp.o(.text) for __I$use$fp
    printfa.o(i.__0vfprintf) refers to printfa.o(i._printf_core) for _printf_core
    printfa.o(i.__0vfprintf) refers to printf.o(.text) for fputc
    printfa.o(i.__0vprintf) refers (Special) to iusefp.o(.text) for __I$use$fp
    printfa.o(i.__0vprintf) refers to printfa.o(i._printf_core) for _printf_core
    printfa.o(i.__0vprintf) refers to printf.o(.text) for fputc
    printfa.o(i.__0vprintf) refers to stdout.o(.data) for __stdout
    printfa.o(i.__0vsnprintf) refers (Special) to iusefp.o(.text) for __I$use$fp
    printfa.o(i.__0vsnprintf) refers to printfa.o(i._printf_core) for _printf_core
    printfa.o(i.__0vsnprintf) refers to printfa.o(i._snputc) for _snputc
    printfa.o(i.__0vsprintf) refers (Special) to iusefp.o(.text) for __I$use$fp
    printfa.o(i.__0vsprintf) refers to printfa.o(i._printf_core) for _printf_core
    printfa.o(i.__0vsprintf) refers to printfa.o(i._sputc) for _sputc
    printfa.o(i._fp_digits) refers (Special) to iusefp.o(.text) for __I$use$fp
    printfa.o(i._fp_digits) refers to dmul.o(.text) for __aeabi_dmul
    printfa.o(i._fp_digits) refers to ddiv.o(.text) for __aeabi_ddiv
    printfa.o(i._fp_digits) refers to cdrcmple.o(.text) for __aeabi_cdrcmple
    printfa.o(i._fp_digits) refers to dadd.o(.text) for __aeabi_dadd
    printfa.o(i._fp_digits) refers to dfixul.o(.text) for __aeabi_d2ulz
    printfa.o(i._fp_digits) refers to uldiv.o(.text) for __aeabi_uldivmod
    printfa.o(i._printf_core) refers (Special) to iusefp.o(.text) for __I$use$fp
    printfa.o(i._printf_core) refers to printfa.o(i._printf_pre_padding) for _printf_pre_padding
    printfa.o(i._printf_core) refers to uldiv.o(.text) for __aeabi_uldivmod
    printfa.o(i._printf_core) refers to printfa.o(i._printf_post_padding) for _printf_post_padding
    printfa.o(i._printf_core) refers to printfa.o(i._fp_digits) for _fp_digits
    printfa.o(i._printf_core) refers to uidiv.o(.text) for __aeabi_uidivmod
    printfa.o(i._printf_post_padding) refers (Special) to iusefp.o(.text) for __I$use$fp
    printfa.o(i._printf_pre_padding) refers (Special) to iusefp.o(.text) for __I$use$fp
    printfa.o(i._snputc) refers (Special) to iusefp.o(.text) for __I$use$fp
    printfa.o(i._sputc) refers (Special) to iusefp.o(.text) for __I$use$fp
    fadd.o(.text) refers (Special) to iusefp.o(.text) for __I$use$fp
    fadd.o(.text) refers to fepilogue.o(.text) for _float_epilogue
    fmul.o(.text) refers (Special) to iusefp.o(.text) for __I$use$fp
    fdiv.o(.text) refers (Special) to iusefp.o(.text) for __I$use$fp
    fdiv.o(.text) refers to fepilogue.o(.text) for _float_round
    dadd.o(.text) refers (Special) to iusefp.o(.text) for __I$use$fp
    dadd.o(.text) refers to llshl.o(.text) for __aeabi_llsl
    dadd.o(.text) refers to llsshr.o(.text) for __aeabi_lasr
    dadd.o(.text) refers to depilogue.o(.text) for _double_epilogue
    dmul.o(.text) refers (Special) to iusefp.o(.text) for __I$use$fp
    dmul.o(.text) refers to depilogue.o(.text) for _double_epilogue
    dfltui.o(.text) refers (Special) to iusefp.o(.text) for __I$use$fp
    dfltui.o(.text) refers to depilogue.o(.text) for _double_epilogue
    dfixi.o(.text) refers (Special) to iusefp.o(.text) for __I$use$fp
    dfixi.o(.text) refers to llushr.o(.text) for __aeabi_llsr
    f2d.o(.text) refers (Special) to iusefp.o(.text) for __I$use$fp
    cdcmple.o(.text) refers (Special) to iusefp.o(.text) for __I$use$fp
    cdrcmple.o(.text) refers (Special) to iusefp.o(.text) for __I$use$fp
    d2f.o(.text) refers (Special) to iusefp.o(.text) for __I$use$fp
    d2f.o(.text) refers to fepilogue.o(.text) for _float_round
    cos_i.o(i.__kernel_cos) refers (Special) to iusefp.o(.text) for __I$use$fp
    cos_i.o(i.__kernel_cos) refers to dfixi.o(.text) for __aeabi_d2iz
    cos_i.o(i.__kernel_cos) refers to dmul.o(.text) for __aeabi_dmul
    cos_i.o(i.__kernel_cos) refers to poly.o(i.__kernel_poly) for __kernel_poly
    cos_i.o(i.__kernel_cos) refers to dadd.o(.text) for __aeabi_dsub
    cos_i.o(i.__kernel_cos) refers to dscalb.o(.text) for __ARM_scalbn
    cos_i.o(i.__kernel_cos) refers to cos_i.o(.constdata) for .constdata
    cos_i.o(.constdata) refers (Special) to iusefp.o(.text) for __I$use$fp
    dunder.o(i.__mathlib_dbl_divzero) refers to ddiv.o(.text) for __aeabi_ddiv
    dunder.o(i.__mathlib_dbl_infnan) refers to dscalb.o(.text) for __ARM_scalbn
    dunder.o(i.__mathlib_dbl_infnan2) refers to dadd.o(.text) for __aeabi_dadd
    dunder.o(i.__mathlib_dbl_invalid) refers to ddiv.o(.text) for __aeabi_ddiv
    dunder.o(i.__mathlib_dbl_overflow) refers to dscalb.o(.text) for __ARM_scalbn
    dunder.o(i.__mathlib_dbl_posinfnan) refers to dmul.o(.text) for __aeabi_dmul
    dunder.o(i.__mathlib_dbl_underflow) refers to dscalb.o(.text) for __ARM_scalbn
    rred.o(i.__ieee754_rem_pio2) refers (Special) to iusefp.o(.text) for __I$use$fp
    rred.o(i.__ieee754_rem_pio2) refers to dadd.o(.text) for __aeabi_dsub
    rred.o(i.__ieee754_rem_pio2) refers to dmul.o(.text) for __aeabi_dmul
    rred.o(i.__ieee754_rem_pio2) refers to dfixi.o(.text) for __aeabi_d2iz
    rred.o(i.__ieee754_rem_pio2) refers to dflti.o(.text) for __aeabi_i2d
    rred.o(i.__ieee754_rem_pio2) refers to dfltui.o(.text) for __aeabi_ui2d
    rred.o(i.__ieee754_rem_pio2) refers to dscalb.o(.text) for __ARM_scalbn
    rred.o(i.__ieee754_rem_pio2) refers to rred.o(.constdata) for .constdata
    rred.o(i.__use_accurate_range_reduction) refers (Special) to iusefp.o(.text) for __I$use$fp
    rred.o(.constdata) refers (Special) to iusefp.o(.text) for __I$use$fp
    sin_i.o(i.__kernel_sin) refers (Special) to iusefp.o(.text) for __I$use$fp
    sin_i.o(i.__kernel_sin) refers to fpclassify.o(i.__ARM_fpclassify) for __ARM_fpclassify
    sin_i.o(i.__kernel_sin) refers to dunder.o(i.__mathlib_dbl_underflow) for __mathlib_dbl_underflow
    sin_i.o(i.__kernel_sin) refers to dmul.o(.text) for __aeabi_dmul
    sin_i.o(i.__kernel_sin) refers to poly.o(i.__kernel_poly) for __kernel_poly
    sin_i.o(i.__kernel_sin) refers to dscalb.o(.text) for __ARM_scalbn
    sin_i.o(i.__kernel_sin) refers to dadd.o(.text) for __aeabi_dsub
    sin_i.o(i.__kernel_sin) refers to sin_i.o(.constdata) for .constdata
    sin_i.o(.constdata) refers (Special) to iusefp.o(.text) for __I$use$fp
    sin_i_x.o(i.____kernel_sin$lsc) refers (Special) to iusefp.o(.text) for __I$use$fp
    sin_i_x.o(i.____kernel_sin$lsc) refers to dmul.o(.text) for __aeabi_dmul
    sin_i_x.o(i.____kernel_sin$lsc) refers to poly.o(i.__kernel_poly) for __kernel_poly
    sin_i_x.o(i.____kernel_sin$lsc) refers to dscalb.o(.text) for __ARM_scalbn
    sin_i_x.o(i.____kernel_sin$lsc) refers to dadd.o(.text) for __aeabi_dsub
    sin_i_x.o(i.____kernel_sin$lsc) refers to sin_i_x.o(.constdata) for .constdata
    sin_i_x.o(.constdata) refers (Special) to iusefp.o(.text) for __I$use$fp
    entry2.o(.ARM.Collect$$$$00000001) refers to entry2.o(.ARM.Collect$$$$00002712) for __lit__00000000
    entry2.o(.ARM.Collect$$$$00002712) refers to startup_stm32f10x_hd.o(STACK) for __initial_sp
    entry2.o(__vectab_stack_and_reset_area) refers to startup_stm32f10x_hd.o(STACK) for __initial_sp
    entry2.o(__vectab_stack_and_reset_area) refers to entry.o(.ARM.Collect$$$$00000000) for __main
    entry5.o(.ARM.Collect$$$$00000004) refers to init.o(.text) for __scatterload
    entry9a.o(.ARM.Collect$$$$0000000B) refers to main.o(.text) for main
    entry9b.o(.ARM.Collect$$$$0000000C) refers to main.o(.text) for main
    uldiv.o(.text) refers to llushr.o(.text) for __aeabi_llsr
    uldiv.o(.text) refers to llshl.o(.text) for __aeabi_llsl
    errno.o(i.__aeabi_errno_addr) refers to errno.o(.data) for .data
    errno.o(i.__read_errno) refers to errno.o(.data) for .data
    errno.o(i.__set_errno) refers to errno.o(.data) for .data
    depilogue.o(.text) refers to llshl.o(.text) for __aeabi_llsl
    depilogue.o(.text) refers to llushr.o(.text) for __aeabi_llsr
    ddiv.o(.text) refers to depilogue.o(.text) for _double_round
    dfixul.o(.text) refers to llushr.o(.text) for __aeabi_llsr
    dfixul.o(.text) refers to llshl.o(.text) for __aeabi_llsl
    fpclassify.o(i.__ARM_fpclassify) refers (Special) to iusefp.o(.text) for __I$use$fp
    poly.o(i.__kernel_poly) refers (Special) to iusefp.o(.text) for __I$use$fp
    poly.o(i.__kernel_poly) refers to dmul.o(.text) for __aeabi_dmul
    poly.o(i.__kernel_poly) refers to dadd.o(.text) for __aeabi_dadd
    init.o(.text) refers to entry5.o(.ARM.Collect$$$$00000004) for __main_after_scatterload
    dflti.o(.text) refers to depilogue.o(.text) for _double_epilogue


==============================================================================

Removing Unused input sections from the image.

    Removing core_cm3.o(.emb_text), (32 bytes).
    Removing startup_stm32f10x_hd.o(HEAP), (512 bytes).
    Removing gy61.o(.text), (100 bytes).
    Removing dfixul.o(.text), (48 bytes).

4 unused section(s) (total 692 bytes) removed from the image.

==============================================================================

Image Symbol Table

    Local Symbols

    Symbol Name                              Value     Ov Type        Size  Object(Section)

    ../clib/microlib/division.c              0x00000000   Number         0  uidiv.o ABSOLUTE
    ../clib/microlib/division.c              0x00000000   Number         0  uldiv.o ABSOLUTE
    ../clib/microlib/errno.c                 0x00000000   Number         0  errno.o ABSOLUTE
    ../clib/microlib/init/entry.s            0x00000000   Number         0  entry8b.o ABSOLUTE
    ../clib/microlib/init/entry.s            0x00000000   Number         0  entry.o ABSOLUTE
    ../clib/microlib/init/entry.s            0x00000000   Number         0  entry9a.o ABSOLUTE
    ../clib/microlib/init/entry.s            0x00000000   Number         0  entry5.o ABSOLUTE
    ../clib/microlib/init/entry.s            0x00000000   Number         0  entry2.o ABSOLUTE
    ../clib/microlib/init/entry.s            0x00000000   Number         0  entry8a.o ABSOLUTE
    ../clib/microlib/init/entry.s            0x00000000   Number         0  entry7b.o ABSOLUTE
    ../clib/microlib/init/entry.s            0x00000000   Number         0  entry11b.o ABSOLUTE
    ../clib/microlib/init/entry.s            0x00000000   Number         0  entry11a.o ABSOLUTE
    ../clib/microlib/init/entry.s            0x00000000   Number         0  entry10b.o ABSOLUTE
    ../clib/microlib/init/entry.s            0x00000000   Number         0  entry10a.o ABSOLUTE
    ../clib/microlib/init/entry.s            0x00000000   Number         0  entry9b.o ABSOLUTE
    ../clib/microlib/init/entry.s            0x00000000   Number         0  entry7a.o ABSOLUTE
    ../clib/microlib/longlong.c              0x00000000   Number         0  llsshr.o ABSOLUTE
    ../clib/microlib/longlong.c              0x00000000   Number         0  llushr.o ABSOLUTE
    ../clib/microlib/longlong.c              0x00000000   Number         0  llshl.o ABSOLUTE
    ../clib/microlib/printf/printf.c         0x00000000   Number         0  printfb.o ABSOLUTE
    ../clib/microlib/printf/printf.c         0x00000000   Number         0  printf0.o ABSOLUTE
    ../clib/microlib/printf/printf.c         0x00000000   Number         0  printf2.o ABSOLUTE
    ../clib/microlib/printf/printf.c         0x00000000   Number         0  printf3.o ABSOLUTE
    ../clib/microlib/printf/printf.c         0x00000000   Number         0  printfa.o ABSOLUTE
    ../clib/microlib/printf/printf.c         0x00000000   Number         0  printf8.o ABSOLUTE
    ../clib/microlib/printf/printf.c         0x00000000   Number         0  printf7.o ABSOLUTE
    ../clib/microlib/printf/printf.c         0x00000000   Number         0  printf6.o ABSOLUTE
    ../clib/microlib/printf/printf.c         0x00000000   Number         0  printf5.o ABSOLUTE
    ../clib/microlib/printf/printf.c         0x00000000   Number         0  printf1.o ABSOLUTE
    ../clib/microlib/printf/printf.c         0x00000000   Number         0  printf4.o ABSOLUTE
    ../clib/microlib/printf/stubs.s          0x00000000   Number         0  stubs.o ABSOLUTE
    ../clib/microlib/stdio/streams.c         0x00000000   Number         0  stdout.o ABSOLUTE
    ../clib/microlib/stubs.s                 0x00000000   Number         0  iusefp.o ABSOLUTE
    ../fplib/microlib/d2f.c                  0x00000000   Number         0  d2f.o ABSOLUTE
    ../fplib/microlib/f2d.c                  0x00000000   Number         0  f2d.o ABSOLUTE
    ../fplib/microlib/fpadd.c                0x00000000   Number         0  dadd.o ABSOLUTE
    ../fplib/microlib/fpadd.c                0x00000000   Number         0  fadd.o ABSOLUTE
    ../fplib/microlib/fpdiv.c                0x00000000   Number         0  fdiv.o ABSOLUTE
    ../fplib/microlib/fpdiv.c                0x00000000   Number         0  ddiv.o ABSOLUTE
    ../fplib/microlib/fpepilogue.c           0x00000000   Number         0  fepilogue.o ABSOLUTE
    ../fplib/microlib/fpepilogue.c           0x00000000   Number         0  depilogue.o ABSOLUTE
    ../fplib/microlib/fpfix.c                0x00000000   Number         0  dfixi.o ABSOLUTE
    ../fplib/microlib/fpfix.c                0x00000000   Number         0  dfixul.o ABSOLUTE
    ../fplib/microlib/fpflt.c                0x00000000   Number         0  dflti.o ABSOLUTE
    ../fplib/microlib/fpflt.c                0x00000000   Number         0  dfltui.o ABSOLUTE
    ../fplib/microlib/fpmul.c                0x00000000   Number         0  dmul.o ABSOLUTE
    ../fplib/microlib/fpmul.c                0x00000000   Number         0  fmul.o ABSOLUTE
    ../fplib/microlib/fpscalb.c              0x00000000   Number         0  dscalb.o ABSOLUTE
    ../mathlib/cos_i.c                       0x00000000   Number         0  cos_i.o ABSOLUTE
    ../mathlib/dunder.c                      0x00000000   Number         0  dunder.o ABSOLUTE
    ../mathlib/fpclassify.c                  0x00000000   Number         0  fpclassify.o ABSOLUTE
    ../mathlib/poly.c                        0x00000000   Number         0  poly.o ABSOLUTE
    ../mathlib/rred.c                        0x00000000   Number         0  rred.o ABSOLUTE
    ../mathlib/sin.c                         0x00000000   Number         0  sin_x.o ABSOLUTE
    ../mathlib/sin.c                         0x00000000   Number         0  sin.o ABSOLUTE
    ../mathlib/sin_i.c                       0x00000000   Number         0  sin_i.o ABSOLUTE
    ../mathlib/sin_i.c                       0x00000000   Number         0  sin_i_x.o ABSOLUTE
    APP\adc.c                                0x00000000   Number         0  adc.o ABSOLUTE
    APP\gy61.c                               0x00000000   Number         0  gy61.o ABSOLUTE
    APP\key.c                                0x00000000   Number         0  key.o ABSOLUTE
    APP\pid.c                                0x00000000   Number         0  pid.o ABSOLUTE
    APP\printf.c                             0x00000000   Number         0  printf.o ABSOLUTE
    APP\pwm.c                                0x00000000   Number         0  pwm.o ABSOLUTE
    APP\timer.c                              0x00000000   Number         0  timer.o ABSOLUTE
    APP\usart.c                              0x00000000   Number         0  usart.o ABSOLUTE
    Libraries\CMSIS\CM3\CoreSupport\core_cm3.c 0x00000000   Number         0  core_cm3.o ABSOLUTE
    Libraries\CMSIS\CM3\DeviceSupport\ST\STM32F10x\startup\arm\startup_stm32f10x_hd.s 0x00000000   Number         0  startup_stm32f10x_hd.o ABSOLUTE
    Libraries\CMSIS\CM3\DeviceSupport\ST\STM32F10x\system_stm32f10x.c 0x00000000   Number         0  system_stm32f10x.o ABSOLUTE
    Libraries\STM32F10x_StdPeriph_Driver\src\misc.c 0x00000000   Number         0  misc.o ABSOLUTE
    Libraries\STM32F10x_StdPeriph_Driver\src\stm32f10x_adc.c 0x00000000   Number         0  stm32f10x_adc.o ABSOLUTE
    Libraries\STM32F10x_StdPeriph_Driver\src\stm32f10x_dma.c 0x00000000   Number         0  stm32f10x_dma.o ABSOLUTE
    Libraries\STM32F10x_StdPeriph_Driver\src\stm32f10x_gpio.c 0x00000000   Number         0  stm32f10x_gpio.o ABSOLUTE
    Libraries\STM32F10x_StdPeriph_Driver\src\stm32f10x_rcc.c 0x00000000   Number         0  stm32f10x_rcc.o ABSOLUTE
    Libraries\STM32F10x_StdPeriph_Driver\src\stm32f10x_tim.c 0x00000000   Number         0  stm32f10x_tim.o ABSOLUTE
    Libraries\STM32F10x_StdPeriph_Driver\src\stm32f10x_usart.c 0x00000000   Number         0  stm32f10x_usart.o ABSOLUTE
    Libraries\\CMSIS\\CM3\\CoreSupport\\core_cm3.c 0x00000000   Number         0  core_cm3.o ABSOLUTE
    cdcmple.s                                0x00000000   Number         0  cdcmple.o ABSOLUTE
    cdrcmple.s                               0x00000000   Number         0  cdrcmple.o ABSOLUTE
    dc.s                                     0x00000000   Number         0  dc.o ABSOLUTE
    delay.c                                  0x00000000   Number         0  delay.o ABSOLUTE
    handlers.s                               0x00000000   Number         0  handlers.o ABSOLUTE
    init.s                                   0x00000000   Number         0  init.o ABSOLUTE
    user\main.c                              0x00000000   Number         0  main.o ABSOLUTE
    user\stm32f10x_it.c                      0x00000000   Number         0  stm32f10x_it.o ABSOLUTE
    RESET                                    0x08000000   Section      304  startup_stm32f10x_hd.o(RESET)
    .ARM.Collect$$$$00000000                 0x08000130   Section        0  entry.o(.ARM.Collect$$$$00000000)
    .ARM.Collect$$$$00000001                 0x08000130   Section        4  entry2.o(.ARM.Collect$$$$00000001)
    .ARM.Collect$$$$00000004                 0x08000134   Section        4  entry5.o(.ARM.Collect$$$$00000004)
    .ARM.Collect$$$$00000008                 0x08000138   Section        0  entry7b.o(.ARM.Collect$$$$00000008)
    .ARM.Collect$$$$0000000A                 0x08000138   Section        0  entry8b.o(.ARM.Collect$$$$0000000A)
    .ARM.Collect$$$$0000000B                 0x08000138   Section        8  entry9a.o(.ARM.Collect$$$$0000000B)
    .ARM.Collect$$$$0000000D                 0x08000140   Section        0  entry10a.o(.ARM.Collect$$$$0000000D)
    .ARM.Collect$$$$0000000F                 0x08000140   Section        0  entry11a.o(.ARM.Collect$$$$0000000F)
    .ARM.Collect$$$$00002712                 0x08000140   Section        4  entry2.o(.ARM.Collect$$$$00002712)
    __lit__00000000                          0x08000140   Data           4  entry2.o(.ARM.Collect$$$$00002712)
    .text                                    0x08000144   Section        0  main.o(.text)
    .text                                    0x0800017c   Section        0  stm32f10x_it.o(.text)
    .text                                    0x08000198   Section        0  system_stm32f10x.o(.text)
    SetSysClockTo72                          0x08000199   Thumb Code   214  system_stm32f10x.o(.text)
    SetSysClock                              0x0800026f   Thumb Code     8  system_stm32f10x.o(.text)
    .text                                    0x08000378   Section       36  startup_stm32f10x_hd.o(.text)
    .text                                    0x0800039c   Section        0  stm32f10x_gpio.o(.text)
    .text                                    0x080006f8   Section        0  stm32f10x_rcc.o(.text)
    .text                                    0x08000a9c   Section        0  stm32f10x_usart.o(.text)
    .text                                    0x08000ea4   Section        0  misc.o(.text)
    .text                                    0x08000f80   Section        0  stm32f10x_tim.o(.text)
    TI4_Config                               0x08001427   Thumb Code   130  stm32f10x_tim.o(.text)
    TI3_Config                               0x080014bb   Thumb Code   122  stm32f10x_tim.o(.text)
    TI2_Config                               0x0800154f   Thumb Code   130  stm32f10x_tim.o(.text)
    TI1_Config                               0x080015e3   Thumb Code   108  stm32f10x_tim.o(.text)
    .text                                    0x08001d9c   Section        0  stm32f10x_adc.o(.text)
    .text                                    0x080021ec   Section        0  stm32f10x_dma.o(.text)
    .text                                    0x08002440   Section        0  delay.o(.text)
    .text                                    0x08002478   Section        0  key.o(.text)
    .text                                    0x080025c0   Section        0  usart.o(.text)
    .text                                    0x080026c8   Section        0  timer.o(.text)
    .text                                    0x080027e0   Section        0  adc.o(.text)
    .text                                    0x08002920   Section        0  printf.o(.text)
    .text                                    0x080029f0   Section        0  pwm.o(.text)
    .text                                    0x08002ab8   Section        0  pid.o(.text)
    .text                                    0x08002d08   Section        0  fadd.o(.text)
    .text                                    0x08002db8   Section        0  fmul.o(.text)
    .text                                    0x08002e1c   Section        0  fdiv.o(.text)
    .text                                    0x08002e98   Section        0  dadd.o(.text)
    .text                                    0x08002fe6   Section        0  dmul.o(.text)
    .text                                    0x080030ca   Section        0  dfltui.o(.text)
    .text                                    0x080030e4   Section        0  dfixi.o(.text)
    .text                                    0x08003122   Section        0  f2d.o(.text)
    .text                                    0x08003148   Section       48  cdcmple.o(.text)
    .text                                    0x08003178   Section       48  cdrcmple.o(.text)
    .text                                    0x080031a8   Section        0  d2f.o(.text)
    .text                                    0x080031e0   Section        0  uidiv.o(.text)
    .text                                    0x0800320c   Section        0  llshl.o(.text)
    .text                                    0x0800322a   Section        0  llushr.o(.text)
    .text                                    0x0800324a   Section        0  llsshr.o(.text)
    .text                                    0x0800326e   Section        0  iusefp.o(.text)
    .text                                    0x0800326e   Section        0  fepilogue.o(.text)
    .text                                    0x080032dc   Section        0  depilogue.o(.text)
    .text                                    0x08003396   Section        0  ddiv.o(.text)
    .text                                    0x08003474   Section       36  init.o(.text)
    .text                                    0x08003498   Section        0  dscalb.o(.text)
    .text                                    0x080034c6   Section        0  dflti.o(.text)
    i.__0printf$1                            0x080034e8   Section        0  printf1.o(i.__0printf$1)
    i.__ARM_fpclassify                       0x08003508   Section        0  fpclassify.o(i.__ARM_fpclassify)
    i.__ieee754_rem_pio2                     0x08003530   Section        0  rred.o(i.__ieee754_rem_pio2)
    i.__kernel_cos                           0x080038b8   Section        0  cos_i.o(i.__kernel_cos)
    i.__kernel_poly                          0x080039b4   Section        0  poly.o(i.__kernel_poly)
    i.__kernel_sin                           0x08003a60   Section        0  sin_i.o(i.__kernel_sin)
    i.__mathlib_dbl_infnan                   0x08003b4c   Section        0  dunder.o(i.__mathlib_dbl_infnan)
    i.__mathlib_dbl_invalid                  0x08003b52   Section        0  dunder.o(i.__mathlib_dbl_invalid)
    i.__mathlib_dbl_underflow                0x08003b60   Section        0  dunder.o(i.__mathlib_dbl_underflow)
    i.__scatterload_copy                     0x08003b70   Section       14  handlers.o(i.__scatterload_copy)
    i.__scatterload_null                     0x08003b7e   Section        2  handlers.o(i.__scatterload_null)
    i.__scatterload_zeroinit                 0x08003b80   Section       14  handlers.o(i.__scatterload_zeroinit)
    i.__set_errno                            0x08003b90   Section        0  errno.o(i.__set_errno)
    i._printf_core                           0x08003b9c   Section        0  printf1.o(i._printf_core)
    _printf_core                             0x08003b9d   Thumb Code   336  printf1.o(i._printf_core)
    i.sin                                    0x08003cf0   Section        0  sin.o(i.sin)
    .constdata                               0x08003d90   Section       48  cos_i.o(.constdata)
    C                                        0x08003d90   Data          48  cos_i.o(.constdata)
    .constdata                               0x08003dc0   Section      200  rred.o(.constdata)
    pio2s                                    0x08003dc0   Data          48  rred.o(.constdata)
    twooverpi                                0x08003df0   Data         152  rred.o(.constdata)
    .constdata                               0x08003e88   Section       40  sin_i.o(.constdata)
    S                                        0x08003e88   Data          40  sin_i.o(.constdata)
    .data                                    0x20000000   Section       10  main.o(.data)
    .data                                    0x2000000c   Section       20  system_stm32f10x.o(.data)
    .data                                    0x20000020   Section       20  stm32f10x_rcc.o(.data)
    APBAHBPrescTable                         0x20000020   Data          16  stm32f10x_rcc.o(.data)
    ADCPrescTable                            0x20000030   Data           4  stm32f10x_rcc.o(.data)
    .data                                    0x20000034   Section        2  key.o(.data)
    .data                                    0x20000036   Section        1  usart.o(.data)
    k                                        0x20000036   Data           1  usart.o(.data)
    .data                                    0x20000038   Section        4  timer.o(.data)
    .data                                    0x2000003c   Section        4  stdout.o(.data)
    .data                                    0x20000040   Section        4  errno.o(.data)
    _errno                                   0x20000040   Data           4  errno.o(.data)
    .bss                                     0x20000044   Section       40  main.o(.bss)
    .bss                                     0x20000070   Section       80  pid.o(.bss)
    STACK                                    0x200000c0   Section     1024  startup_stm32f10x_hd.o(STACK)

    Global Symbols

    Symbol Name                              Value     Ov Type        Size  Object(Section)

    BuildAttributes$$THM_ISAv4$P$D$K$B$S$PE$A:L22UL41UL21$X:L11$S22US41US21$IEEE1$IW$USESV6$~STKCKD$USESV7$~SHL$OTIME$ROPI$IEEEX$EBA8$MICROLIB$REQ8$PRES8$EABIv2 0x00000000   Number         0  anon$$obj.o ABSOLUTE
    __ARM_use_no_argv                        0x00000000   Number         0  main.o ABSOLUTE
    _printf_a                                0x00000000   Number         0  stubs.o ABSOLUTE
    _printf_c                                0x00000000   Number         0  stubs.o ABSOLUTE
    _printf_charcount                        0x00000000   Number         0  stubs.o ABSOLUTE
    _printf_d                                0x00000000   Number         0  stubs.o ABSOLUTE
    _printf_e                                0x00000000   Number         0  stubs.o ABSOLUTE
    _printf_f                                0x00000000   Number         0  stubs.o ABSOLUTE
    _printf_flags                            0x00000000   Number         0  stubs.o ABSOLUTE
    _printf_fp_dec                           0x00000000   Number         0  stubs.o ABSOLUTE
    _printf_fp_hex                           0x00000000   Number         0  stubs.o ABSOLUTE
    _printf_g                                0x00000000   Number         0  stubs.o ABSOLUTE
    _printf_i                                0x00000000   Number         0  stubs.o ABSOLUTE
    _printf_int_dec                          0x00000000   Number         0  stubs.o ABSOLUTE
    _printf_l                                0x00000000   Number         0  stubs.o ABSOLUTE
    _printf_lc                               0x00000000   Number         0  stubs.o ABSOLUTE
    _printf_ll                               0x00000000   Number         0  stubs.o ABSOLUTE
    _printf_lld                              0x00000000   Number         0  stubs.o ABSOLUTE
    _printf_lli                              0x00000000   Number         0  stubs.o ABSOLUTE
    _printf_llo                              0x00000000   Number         0  stubs.o ABSOLUTE
    _printf_llu                              0x00000000   Number         0  stubs.o ABSOLUTE
    _printf_llx                              0x00000000   Number         0  stubs.o ABSOLUTE
    _printf_longlong_dec                     0x00000000   Number         0  stubs.o ABSOLUTE
    _printf_longlong_hex                     0x00000000   Number         0  stubs.o ABSOLUTE
    _printf_longlong_oct                     0x00000000   Number         0  stubs.o ABSOLUTE
    _printf_ls                               0x00000000   Number         0  stubs.o ABSOLUTE
    _printf_mbtowc                           0x00000000   Number         0  stubs.o ABSOLUTE
    _printf_n                                0x00000000   Number         0  stubs.o ABSOLUTE
    _printf_o                                0x00000000   Number         0  stubs.o ABSOLUTE
    _printf_p                                0x00000000   Number         0  stubs.o ABSOLUTE
    _printf_percent                          0x00000000   Number         0  stubs.o ABSOLUTE
    _printf_pre_padding                      0x00000000   Number         0  stubs.o ABSOLUTE
    _printf_return_value                     0x00000000   Number         0  stubs.o ABSOLUTE
    _printf_s                                0x00000000   Number         0  stubs.o ABSOLUTE
    _printf_sizespec                         0x00000000   Number         0  stubs.o ABSOLUTE
    _printf_str                              0x00000000   Number         0  stubs.o ABSOLUTE
    _printf_truncate_signed                  0x00000000   Number         0  stubs.o ABSOLUTE
    _printf_truncate_unsigned                0x00000000   Number         0  stubs.o ABSOLUTE
    _printf_u                                0x00000000   Number         0  stubs.o ABSOLUTE
    _printf_wc                               0x00000000   Number         0  stubs.o ABSOLUTE
    _printf_wctomb                           0x00000000   Number         0  stubs.o ABSOLUTE
    _printf_widthprec                        0x00000000   Number         0  stubs.o ABSOLUTE
    _printf_x                                0x00000000   Number         0  stubs.o ABSOLUTE
    __cpp_initialize__aeabi_                  - Undefined Weak Reference
    __cxa_finalize                            - Undefined Weak Reference
    __decompress                              - Undefined Weak Reference
    _clock_init                               - Undefined Weak Reference
    _microlib_exit                            - Undefined Weak Reference
    __Vectors_Size                           0x00000130   Number         0  startup_stm32f10x_hd.o ABSOLUTE
    __Vectors                                0x08000000   Data           4  startup_stm32f10x_hd.o(RESET)
    __Vectors_End                            0x08000130   Data           0  startup_stm32f10x_hd.o(RESET)
    __main                                   0x08000131   Thumb Code     0  entry.o(.ARM.Collect$$$$00000000)
    _main_stk                                0x08000131   Thumb Code     0  entry2.o(.ARM.Collect$$$$00000001)
    _main_scatterload                        0x08000135   Thumb Code     0  entry5.o(.ARM.Collect$$$$00000004)
    __main_after_scatterload                 0x08000139   Thumb Code     0  entry5.o(.ARM.Collect$$$$00000004)
    _main_clock                              0x08000139   Thumb Code     0  entry7b.o(.ARM.Collect$$$$00000008)
    _main_cpp_init                           0x08000139   Thumb Code     0  entry8b.o(.ARM.Collect$$$$0000000A)
    _main_init                               0x08000139   Thumb Code     0  entry9a.o(.ARM.Collect$$$$0000000B)
    __rt_final_cpp                           0x08000141   Thumb Code     0  entry10a.o(.ARM.Collect$$$$0000000D)
    __rt_final_exit                          0x08000141   Thumb Code     0  entry11a.o(.ARM.Collect$$$$0000000F)
    main                                     0x08000145   Thumb Code    38  main.o(.text)
    NMI_Handler                              0x0800017d   Thumb Code     2  stm32f10x_it.o(.text)
    HardFault_Handler                        0x0800017f   Thumb Code     4  stm32f10x_it.o(.text)
    MemManage_Handler                        0x08000183   Thumb Code     4  stm32f10x_it.o(.text)
    BusFault_Handler                         0x08000187   Thumb Code     4  stm32f10x_it.o(.text)
    UsageFault_Handler                       0x0800018b   Thumb Code     4  stm32f10x_it.o(.text)
    SVC_Handler                              0x0800018f   Thumb Code     2  stm32f10x_it.o(.text)
    DebugMon_Handler                         0x08000191   Thumb Code     2  stm32f10x_it.o(.text)
    PendSV_Handler                           0x08000193   Thumb Code     2  stm32f10x_it.o(.text)
    SysTick_Handler                          0x08000195   Thumb Code     2  stm32f10x_it.o(.text)
    SystemInit                               0x08000277   Thumb Code    78  system_stm32f10x.o(.text)
    SystemCoreClockUpdate                    0x080002c5   Thumb Code   142  system_stm32f10x.o(.text)
    Reset_Handler                            0x08000379   Thumb Code     8  startup_stm32f10x_hd.o(.text)
    ADC1_2_IRQHandler                        0x08000393   Thumb Code     0  startup_stm32f10x_hd.o(.text)
    ADC3_IRQHandler                          0x08000393   Thumb Code     0  startup_stm32f10x_hd.o(.text)
    CAN1_RX1_IRQHandler                      0x08000393   Thumb Code     0  startup_stm32f10x_hd.o(.text)
    CAN1_SCE_IRQHandler                      0x08000393   Thumb Code     0  startup_stm32f10x_hd.o(.text)
    DMA1_Channel1_IRQHandler                 0x08000393   Thumb Code     0  startup_stm32f10x_hd.o(.text)
    DMA1_Channel2_IRQHandler                 0x08000393   Thumb Code     0  startup_stm32f10x_hd.o(.text)
    DMA1_Channel3_IRQHandler                 0x08000393   Thumb Code     0  startup_stm32f10x_hd.o(.text)
    DMA1_Channel4_IRQHandler                 0x08000393   Thumb Code     0  startup_stm32f10x_hd.o(.text)
    DMA1_Channel5_IRQHandler                 0x08000393   Thumb Code     0  startup_stm32f10x_hd.o(.text)
    DMA1_Channel6_IRQHandler                 0x08000393   Thumb Code     0  startup_stm32f10x_hd.o(.text)
    DMA1_Channel7_IRQHandler                 0x08000393   Thumb Code     0  startup_stm32f10x_hd.o(.text)
    DMA2_Channel1_IRQHandler                 0x08000393   Thumb Code     0  startup_stm32f10x_hd.o(.text)
    DMA2_Channel2_IRQHandler                 0x08000393   Thumb Code     0  startup_stm32f10x_hd.o(.text)
    DMA2_Channel3_IRQHandler                 0x08000393   Thumb Code     0  startup_stm32f10x_hd.o(.text)
    DMA2_Channel4_5_IRQHandler               0x08000393   Thumb Code     0  startup_stm32f10x_hd.o(.text)
    EXTI0_IRQHandler                         0x08000393   Thumb Code     0  startup_stm32f10x_hd.o(.text)
    EXTI15_10_IRQHandler                     0x08000393   Thumb Code     0  startup_stm32f10x_hd.o(.text)
    EXTI1_IRQHandler                         0x08000393   Thumb Code     0  startup_stm32f10x_hd.o(.text)
    EXTI2_IRQHandler                         0x08000393   Thumb Code     0  startup_stm32f10x_hd.o(.text)
    EXTI3_IRQHandler                         0x08000393   Thumb Code     0  startup_stm32f10x_hd.o(.text)
    EXTI4_IRQHandler                         0x08000393   Thumb Code     0  startup_stm32f10x_hd.o(.text)
    EXTI9_5_IRQHandler                       0x08000393   Thumb Code     0  startup_stm32f10x_hd.o(.text)
    FLASH_IRQHandler                         0x08000393   Thumb Code     0  startup_stm32f10x_hd.o(.text)
    FSMC_IRQHandler                          0x08000393   Thumb Code     0  startup_stm32f10x_hd.o(.text)
    I2C1_ER_IRQHandler                       0x08000393   Thumb Code     0  startup_stm32f10x_hd.o(.text)
    I2C1_EV_IRQHandler                       0x08000393   Thumb Code     0  startup_stm32f10x_hd.o(.text)
    I2C2_ER_IRQHandler                       0x08000393   Thumb Code     0  startup_stm32f10x_hd.o(.text)
    I2C2_EV_IRQHandler                       0x08000393   Thumb Code     0  startup_stm32f10x_hd.o(.text)
    PVD_IRQHandler                           0x08000393   Thumb Code     0  startup_stm32f10x_hd.o(.text)
    RCC_IRQHandler                           0x08000393   Thumb Code     0  startup_stm32f10x_hd.o(.text)
    RTCAlarm_IRQHandler                      0x08000393   Thumb Code     0  startup_stm32f10x_hd.o(.text)
    RTC_IRQHandler                           0x08000393   Thumb Code     0  startup_stm32f10x_hd.o(.text)
    SDIO_IRQHandler                          0x08000393   Thumb Code     0  startup_stm32f10x_hd.o(.text)
    SPI1_IRQHandler                          0x08000393   Thumb Code     0  startup_stm32f10x_hd.o(.text)
    SPI2_IRQHandler                          0x08000393   Thumb Code     0  startup_stm32f10x_hd.o(.text)
    SPI3_IRQHandler                          0x08000393   Thumb Code     0  startup_stm32f10x_hd.o(.text)
    TAMPER_IRQHandler                        0x08000393   Thumb Code     0  startup_stm32f10x_hd.o(.text)
    TIM1_BRK_IRQHandler                      0x08000393   Thumb Code     0  startup_stm32f10x_hd.o(.text)
    TIM1_CC_IRQHandler                       0x08000393   Thumb Code     0  startup_stm32f10x_hd.o(.text)
    TIM1_TRG_COM_IRQHandler                  0x08000393   Thumb Code     0  startup_stm32f10x_hd.o(.text)
    TIM1_UP_IRQHandler                       0x08000393   Thumb Code     0  startup_stm32f10x_hd.o(.text)
    TIM2_IRQHandler                          0x08000393   Thumb Code     0  startup_stm32f10x_hd.o(.text)
    TIM4_IRQHandler                          0x08000393   Thumb Code     0  startup_stm32f10x_hd.o(.text)
    TIM5_IRQHandler                          0x08000393   Thumb Code     0  startup_stm32f10x_hd.o(.text)
    TIM6_IRQHandler                          0x08000393   Thumb Code     0  startup_stm32f10x_hd.o(.text)
    TIM7_IRQHandler                          0x08000393   Thumb Code     0  startup_stm32f10x_hd.o(.text)
    TIM8_BRK_IRQHandler                      0x08000393   Thumb Code     0  startup_stm32f10x_hd.o(.text)
    TIM8_CC_IRQHandler                       0x08000393   Thumb Code     0  startup_stm32f10x_hd.o(.text)
    TIM8_TRG_COM_IRQHandler                  0x08000393   Thumb Code     0  startup_stm32f10x_hd.o(.text)
    TIM8_UP_IRQHandler                       0x08000393   Thumb Code     0  startup_stm32f10x_hd.o(.text)
    UART4_IRQHandler                         0x08000393   Thumb Code     0  startup_stm32f10x_hd.o(.text)
    UART5_IRQHandler                         0x08000393   Thumb Code     0  startup_stm32f10x_hd.o(.text)
    USART2_IRQHandler                        0x08000393   Thumb Code     0  startup_stm32f10x_hd.o(.text)
    USART3_IRQHandler                        0x08000393   Thumb Code     0  startup_stm32f10x_hd.o(.text)
    USBWakeUp_IRQHandler                     0x08000393   Thumb Code     0  startup_stm32f10x_hd.o(.text)
    USB_HP_CAN1_TX_IRQHandler                0x08000393   Thumb Code     0  startup_stm32f10x_hd.o(.text)
    USB_LP_CAN1_RX0_IRQHandler               0x08000393   Thumb Code     0  startup_stm32f10x_hd.o(.text)
    WWDG_IRQHandler                          0x08000393   Thumb Code     0  startup_stm32f10x_hd.o(.text)
    GPIO_DeInit                              0x0800039d   Thumb Code   172  stm32f10x_gpio.o(.text)
    GPIO_AFIODeInit                          0x08000449   Thumb Code    20  stm32f10x_gpio.o(.text)
    GPIO_Init                                0x0800045d   Thumb Code   278  stm32f10x_gpio.o(.text)
    GPIO_StructInit                          0x08000573   Thumb Code    16  stm32f10x_gpio.o(.text)
    GPIO_ReadInputDataBit                    0x08000583   Thumb Code    18  stm32f10x_gpio.o(.text)
    GPIO_ReadInputData                       0x08000595   Thumb Code     8  stm32f10x_gpio.o(.text)
    GPIO_ReadOutputDataBit                   0x0800059d   Thumb Code    18  stm32f10x_gpio.o(.text)
    GPIO_ReadOutputData                      0x080005af   Thumb Code     8  stm32f10x_gpio.o(.text)
    GPIO_SetBits                             0x080005b7   Thumb Code     4  stm32f10x_gpio.o(.text)
    GPIO_ResetBits                           0x080005bb   Thumb Code     4  stm32f10x_gpio.o(.text)
    GPIO_WriteBit                            0x080005bf   Thumb Code    10  stm32f10x_gpio.o(.text)
    GPIO_Write                               0x080005c9   Thumb Code     4  stm32f10x_gpio.o(.text)
    GPIO_PinLockConfig                       0x080005cd   Thumb Code    18  stm32f10x_gpio.o(.text)
    GPIO_EventOutputConfig                   0x080005df   Thumb Code    26  stm32f10x_gpio.o(.text)
    GPIO_EventOutputCmd                      0x080005f9   Thumb Code     6  stm32f10x_gpio.o(.text)
    GPIO_PinRemapConfig                      0x080005ff   Thumb Code   138  stm32f10x_gpio.o(.text)
    GPIO_EXTILineConfig                      0x08000689   Thumb Code    66  stm32f10x_gpio.o(.text)
    GPIO_ETH_MediaInterfaceConfig            0x080006cb   Thumb Code     8  stm32f10x_gpio.o(.text)
    RCC_DeInit                               0x080006f9   Thumb Code    64  stm32f10x_rcc.o(.text)
    RCC_HSEConfig                            0x08000739   Thumb Code    70  stm32f10x_rcc.o(.text)
    RCC_GetFlagStatus                        0x0800077f   Thumb Code    56  stm32f10x_rcc.o(.text)
    RCC_WaitForHSEStartUp                    0x080007b7   Thumb Code    56  stm32f10x_rcc.o(.text)
    RCC_AdjustHSICalibrationValue            0x080007ef   Thumb Code    20  stm32f10x_rcc.o(.text)
    RCC_HSICmd                               0x08000803   Thumb Code     6  stm32f10x_rcc.o(.text)
    RCC_PLLConfig                            0x08000809   Thumb Code    24  stm32f10x_rcc.o(.text)
    RCC_PLLCmd                               0x08000821   Thumb Code     6  stm32f10x_rcc.o(.text)
    RCC_SYSCLKConfig                         0x08000827   Thumb Code    18  stm32f10x_rcc.o(.text)
    RCC_GetSYSCLKSource                      0x08000839   Thumb Code    10  stm32f10x_rcc.o(.text)
    RCC_HCLKConfig                           0x08000843   Thumb Code    18  stm32f10x_rcc.o(.text)
    RCC_PCLK1Config                          0x08000855   Thumb Code    18  stm32f10x_rcc.o(.text)
    RCC_PCLK2Config                          0x08000867   Thumb Code    20  stm32f10x_rcc.o(.text)
    RCC_ITConfig                             0x0800087b   Thumb Code    26  stm32f10x_rcc.o(.text)
    RCC_USBCLKConfig                         0x08000895   Thumb Code     8  stm32f10x_rcc.o(.text)
    RCC_ADCCLKConfig                         0x0800089d   Thumb Code    18  stm32f10x_rcc.o(.text)
    RCC_LSEConfig                            0x080008af   Thumb Code    50  stm32f10x_rcc.o(.text)
    RCC_LSICmd                               0x080008e1   Thumb Code     6  stm32f10x_rcc.o(.text)
    RCC_RTCCLKConfig                         0x080008e7   Thumb Code    12  stm32f10x_rcc.o(.text)
    RCC_RTCCLKCmd                            0x080008f3   Thumb Code     8  stm32f10x_rcc.o(.text)
    RCC_GetClocksFreq                        0x080008fb   Thumb Code   192  stm32f10x_rcc.o(.text)
    RCC_AHBPeriphClockCmd                    0x080009bb   Thumb Code    26  stm32f10x_rcc.o(.text)
    RCC_APB2PeriphClockCmd                   0x080009d5   Thumb Code    26  stm32f10x_rcc.o(.text)
    RCC_APB1PeriphClockCmd                   0x080009ef   Thumb Code    26  stm32f10x_rcc.o(.text)
    RCC_APB2PeriphResetCmd                   0x08000a09   Thumb Code    26  stm32f10x_rcc.o(.text)
    RCC_APB1PeriphResetCmd                   0x08000a23   Thumb Code    26  stm32f10x_rcc.o(.text)
    RCC_BackupResetCmd                       0x08000a3d   Thumb Code     8  stm32f10x_rcc.o(.text)
    RCC_ClockSecuritySystemCmd               0x08000a45   Thumb Code     6  stm32f10x_rcc.o(.text)
    RCC_MCOConfig                            0x08000a4b   Thumb Code     6  stm32f10x_rcc.o(.text)
    RCC_ClearFlag                            0x08000a51   Thumb Code    14  stm32f10x_rcc.o(.text)
    RCC_GetITStatus                          0x08000a5f   Thumb Code    20  stm32f10x_rcc.o(.text)
    RCC_ClearITPendingBit                    0x08000a73   Thumb Code     6  stm32f10x_rcc.o(.text)
    USART_DeInit                             0x08000a9d   Thumb Code   134  stm32f10x_usart.o(.text)
    USART_Init                               0x08000b23   Thumb Code   210  stm32f10x_usart.o(.text)
    USART_StructInit                         0x08000bf5   Thumb Code    24  stm32f10x_usart.o(.text)
    USART_ClockInit                          0x08000c0d   Thumb Code    34  stm32f10x_usart.o(.text)
    USART_ClockStructInit                    0x08000c2f   Thumb Code    12  stm32f10x_usart.o(.text)
    USART_Cmd                                0x08000c3b   Thumb Code    24  stm32f10x_usart.o(.text)
    USART_ITConfig                           0x08000c53   Thumb Code    74  stm32f10x_usart.o(.text)
    USART_DMACmd                             0x08000c9d   Thumb Code    18  stm32f10x_usart.o(.text)
    USART_SetAddress                         0x08000caf   Thumb Code    18  stm32f10x_usart.o(.text)
    USART_WakeUpConfig                       0x08000cc1   Thumb Code    18  stm32f10x_usart.o(.text)
    USART_ReceiverWakeUpCmd                  0x08000cd3   Thumb Code    24  stm32f10x_usart.o(.text)
    USART_LINBreakDetectLengthConfig         0x08000ceb   Thumb Code    18  stm32f10x_usart.o(.text)
    USART_LINCmd                             0x08000cfd   Thumb Code    24  stm32f10x_usart.o(.text)
    USART_SendData                           0x08000d15   Thumb Code     8  stm32f10x_usart.o(.text)
    USART_ReceiveData                        0x08000d1d   Thumb Code    10  stm32f10x_usart.o(.text)
    USART_SendBreak                          0x08000d27   Thumb Code    10  stm32f10x_usart.o(.text)
    USART_SetGuardTime                       0x08000d31   Thumb Code    16  stm32f10x_usart.o(.text)
    USART_SetPrescaler                       0x08000d41   Thumb Code    16  stm32f10x_usart.o(.text)
    USART_SmartCardCmd                       0x08000d51   Thumb Code    24  stm32f10x_usart.o(.text)
    USART_SmartCardNACKCmd                   0x08000d69   Thumb Code    24  stm32f10x_usart.o(.text)
    USART_HalfDuplexCmd                      0x08000d81   Thumb Code    24  stm32f10x_usart.o(.text)
    USART_OverSampling8Cmd                   0x08000d99   Thumb Code    22  stm32f10x_usart.o(.text)
    USART_OneBitMethodCmd                    0x08000daf   Thumb Code    24  stm32f10x_usart.o(.text)
    USART_IrDAConfig                         0x08000dc7   Thumb Code    18  stm32f10x_usart.o(.text)
    USART_IrDACmd                            0x08000dd9   Thumb Code    24  stm32f10x_usart.o(.text)
    USART_GetFlagStatus                      0x08000df1   Thumb Code    26  stm32f10x_usart.o(.text)
    USART_ClearFlag                          0x08000e0b   Thumb Code    18  stm32f10x_usart.o(.text)
    USART_GetITStatus                        0x08000e1d   Thumb Code    84  stm32f10x_usart.o(.text)
    USART_ClearITPendingBit                  0x08000e71   Thumb Code    52  stm32f10x_usart.o(.text)
    NVIC_PriorityGroupConfig                 0x08000ea5   Thumb Code    10  misc.o(.text)
    NVIC_Init                                0x08000eaf   Thumb Code   100  misc.o(.text)
    NVIC_SetVectorTable                      0x08000f13   Thumb Code    14  misc.o(.text)
    NVIC_SystemLPConfig                      0x08000f21   Thumb Code    34  misc.o(.text)
    SysTick_CLKSourceConfig                  0x08000f43   Thumb Code    40  misc.o(.text)
    TIM_DeInit                               0x08000f81   Thumb Code   424  stm32f10x_tim.o(.text)
    TIM_TimeBaseInit                         0x08001129   Thumb Code   122  stm32f10x_tim.o(.text)
    TIM_OC1Init                              0x080011a3   Thumb Code   132  stm32f10x_tim.o(.text)
    TIM_OC2Init                              0x08001227   Thumb Code   154  stm32f10x_tim.o(.text)
    TIM_OC3Init                              0x080012c1   Thumb Code   150  stm32f10x_tim.o(.text)
    TIM_OC4Init                              0x08001357   Thumb Code   182  stm32f10x_tim.o(.text)
    TIM_SetIC4Prescaler                      0x0800140d   Thumb Code    26  stm32f10x_tim.o(.text)
    TIM_SetIC3Prescaler                      0x080014a9   Thumb Code    18  stm32f10x_tim.o(.text)
    TIM_SetIC2Prescaler                      0x08001535   Thumb Code    26  stm32f10x_tim.o(.text)
    TIM_SetIC1Prescaler                      0x080015d1   Thumb Code    18  stm32f10x_tim.o(.text)
    TIM_ICInit                               0x0800164f   Thumb Code   150  stm32f10x_tim.o(.text)
    TIM_PWMIConfig                           0x080016e5   Thumb Code   124  stm32f10x_tim.o(.text)
    TIM_BDTRConfig                           0x08001761   Thumb Code    32  stm32f10x_tim.o(.text)
    TIM_TimeBaseStructInit                   0x08001781   Thumb Code    18  stm32f10x_tim.o(.text)
    TIM_OCStructInit                         0x08001793   Thumb Code    20  stm32f10x_tim.o(.text)
    TIM_ICStructInit                         0x080017a7   Thumb Code    18  stm32f10x_tim.o(.text)
    TIM_BDTRStructInit                       0x080017b9   Thumb Code    40  stm32f10x_tim.o(.text)
    TIM_Cmd                                  0x080017e1   Thumb Code    24  stm32f10x_tim.o(.text)
    TIM_CtrlPWMOutputs                       0x080017f9   Thumb Code    30  stm32f10x_tim.o(.text)
    TIM_ITConfig                             0x08001817   Thumb Code    18  stm32f10x_tim.o(.text)
    TIM_GenerateEvent                        0x08001829   Thumb Code     4  stm32f10x_tim.o(.text)
    TIM_DMAConfig                            0x0800182d   Thumb Code    10  stm32f10x_tim.o(.text)
    TIM_DMACmd                               0x08001837   Thumb Code    18  stm32f10x_tim.o(.text)
    TIM_InternalClockConfig                  0x08001849   Thumb Code    12  stm32f10x_tim.o(.text)
    TIM_SelectInputTrigger                   0x08001855   Thumb Code    18  stm32f10x_tim.o(.text)
    TIM_ITRxExternalClockConfig              0x08001867   Thumb Code    24  stm32f10x_tim.o(.text)
    TIM_TIxExternalClockConfig               0x0800187f   Thumb Code    62  stm32f10x_tim.o(.text)
    TIM_ETRConfig                            0x080018bd   Thumb Code    28  stm32f10x_tim.o(.text)
    TIM_ETRClockMode1Config                  0x080018d9   Thumb Code    54  stm32f10x_tim.o(.text)
    TIM_ETRClockMode2Config                  0x0800190f   Thumb Code    32  stm32f10x_tim.o(.text)
    TIM_PrescalerConfig                      0x0800192f   Thumb Code     6  stm32f10x_tim.o(.text)
    TIM_CounterModeConfig                    0x08001935   Thumb Code    18  stm32f10x_tim.o(.text)
    TIM_EncoderInterfaceConfig               0x08001947   Thumb Code    66  stm32f10x_tim.o(.text)
    TIM_ForcedOC1Config                      0x08001989   Thumb Code    18  stm32f10x_tim.o(.text)
    TIM_ForcedOC2Config                      0x0800199b   Thumb Code    26  stm32f10x_tim.o(.text)
    TIM_ForcedOC3Config                      0x080019b5   Thumb Code    18  stm32f10x_tim.o(.text)
    TIM_ForcedOC4Config                      0x080019c7   Thumb Code    26  stm32f10x_tim.o(.text)
    TIM_ARRPreloadConfig                     0x080019e1   Thumb Code    24  stm32f10x_tim.o(.text)
    TIM_SelectCOM                            0x080019f9   Thumb Code    24  stm32f10x_tim.o(.text)
    TIM_SelectCCDMA                          0x08001a11   Thumb Code    24  stm32f10x_tim.o(.text)
    TIM_CCPreloadControl                     0x08001a29   Thumb Code    24  stm32f10x_tim.o(.text)
    TIM_OC1PreloadConfig                     0x08001a41   Thumb Code    18  stm32f10x_tim.o(.text)
    TIM_OC2PreloadConfig                     0x08001a53   Thumb Code    26  stm32f10x_tim.o(.text)
    TIM_OC3PreloadConfig                     0x08001a6d   Thumb Code    18  stm32f10x_tim.o(.text)
    TIM_OC4PreloadConfig                     0x08001a7f   Thumb Code    26  stm32f10x_tim.o(.text)
    TIM_OC1FastConfig                        0x08001a99   Thumb Code    18  stm32f10x_tim.o(.text)
    TIM_OC2FastConfig                        0x08001aab   Thumb Code    26  stm32f10x_tim.o(.text)
    TIM_OC3FastConfig                        0x08001ac5   Thumb Code    18  stm32f10x_tim.o(.text)
    TIM_OC4FastConfig                        0x08001ad7   Thumb Code    26  stm32f10x_tim.o(.text)
    TIM_ClearOC1Ref                          0x08001af1   Thumb Code    18  stm32f10x_tim.o(.text)
    TIM_ClearOC2Ref                          0x08001b03   Thumb Code    24  stm32f10x_tim.o(.text)
    TIM_ClearOC3Ref                          0x08001b1b   Thumb Code    18  stm32f10x_tim.o(.text)
    TIM_ClearOC4Ref                          0x08001b2d   Thumb Code    24  stm32f10x_tim.o(.text)
    TIM_OC1PolarityConfig                    0x08001b45   Thumb Code    18  stm32f10x_tim.o(.text)
    TIM_OC1NPolarityConfig                   0x08001b57   Thumb Code    18  stm32f10x_tim.o(.text)
    TIM_OC2PolarityConfig                    0x08001b69   Thumb Code    26  stm32f10x_tim.o(.text)
    TIM_OC2NPolarityConfig                   0x08001b83   Thumb Code    26  stm32f10x_tim.o(.text)
    TIM_OC3PolarityConfig                    0x08001b9d   Thumb Code    26  stm32f10x_tim.o(.text)
    TIM_OC3NPolarityConfig                   0x08001bb7   Thumb Code    26  stm32f10x_tim.o(.text)
    TIM_OC4PolarityConfig                    0x08001bd1   Thumb Code    26  stm32f10x_tim.o(.text)
    TIM_CCxCmd                               0x08001beb   Thumb Code    30  stm32f10x_tim.o(.text)
    TIM_CCxNCmd                              0x08001c09   Thumb Code    30  stm32f10x_tim.o(.text)
    TIM_SelectOCxM                           0x08001c27   Thumb Code    82  stm32f10x_tim.o(.text)
    TIM_UpdateDisableConfig                  0x08001c79   Thumb Code    24  stm32f10x_tim.o(.text)
    TIM_UpdateRequestConfig                  0x08001c91   Thumb Code    24  stm32f10x_tim.o(.text)
    TIM_SelectHallSensor                     0x08001ca9   Thumb Code    24  stm32f10x_tim.o(.text)
    TIM_SelectOnePulseMode                   0x08001cc1   Thumb Code    18  stm32f10x_tim.o(.text)
    TIM_SelectOutputTrigger                  0x08001cd3   Thumb Code    18  stm32f10x_tim.o(.text)
    TIM_SelectSlaveMode                      0x08001ce5   Thumb Code    18  stm32f10x_tim.o(.text)
    TIM_SelectMasterSlaveMode                0x08001cf7   Thumb Code    18  stm32f10x_tim.o(.text)
    TIM_SetCounter                           0x08001d09   Thumb Code     4  stm32f10x_tim.o(.text)
    TIM_SetAutoreload                        0x08001d0d   Thumb Code     4  stm32f10x_tim.o(.text)
    TIM_SetCompare1                          0x08001d11   Thumb Code     4  stm32f10x_tim.o(.text)
    TIM_SetCompare2                          0x08001d15   Thumb Code     4  stm32f10x_tim.o(.text)
    TIM_SetCompare3                          0x08001d19   Thumb Code     4  stm32f10x_tim.o(.text)
    TIM_SetCompare4                          0x08001d1d   Thumb Code     6  stm32f10x_tim.o(.text)
    TIM_SetClockDivision                     0x08001d23   Thumb Code    18  stm32f10x_tim.o(.text)
    TIM_GetCapture1                          0x08001d35   Thumb Code     6  stm32f10x_tim.o(.text)
    TIM_GetCapture2                          0x08001d3b   Thumb Code     6  stm32f10x_tim.o(.text)
    TIM_GetCapture3                          0x08001d41   Thumb Code     6  stm32f10x_tim.o(.text)
    TIM_GetCapture4                          0x08001d47   Thumb Code     8  stm32f10x_tim.o(.text)
    TIM_GetCounter                           0x08001d4f   Thumb Code     6  stm32f10x_tim.o(.text)
    TIM_GetPrescaler                         0x08001d55   Thumb Code     6  stm32f10x_tim.o(.text)
    TIM_GetFlagStatus                        0x08001d5b   Thumb Code    18  stm32f10x_tim.o(.text)
    TIM_ClearFlag                            0x08001d6d   Thumb Code     6  stm32f10x_tim.o(.text)
    TIM_GetITStatus                          0x08001d73   Thumb Code    34  stm32f10x_tim.o(.text)
    TIM_ClearITPendingBit                    0x08001d95   Thumb Code     6  stm32f10x_tim.o(.text)
    ADC_DeInit                               0x08001d9d   Thumb Code    78  stm32f10x_adc.o(.text)
    ADC_Init                                 0x08001deb   Thumb Code    70  stm32f10x_adc.o(.text)
    ADC_StructInit                           0x08001e31   Thumb Code    18  stm32f10x_adc.o(.text)
    ADC_Cmd                                  0x08001e43   Thumb Code    22  stm32f10x_adc.o(.text)
    ADC_DMACmd                               0x08001e59   Thumb Code    22  stm32f10x_adc.o(.text)
    ADC_ITConfig                             0x08001e6f   Thumb Code    24  stm32f10x_adc.o(.text)
    ADC_ResetCalibration                     0x08001e87   Thumb Code    10  stm32f10x_adc.o(.text)
    ADC_GetResetCalibrationStatus            0x08001e91   Thumb Code    20  stm32f10x_adc.o(.text)
    ADC_StartCalibration                     0x08001ea5   Thumb Code    10  stm32f10x_adc.o(.text)
    ADC_GetCalibrationStatus                 0x08001eaf   Thumb Code    20  stm32f10x_adc.o(.text)
    ADC_SoftwareStartConvCmd                 0x08001ec3   Thumb Code    22  stm32f10x_adc.o(.text)
    ADC_GetSoftwareStartConvStatus           0x08001ed9   Thumb Code    20  stm32f10x_adc.o(.text)
    ADC_DiscModeChannelCountConfig           0x08001eed   Thumb Code    24  stm32f10x_adc.o(.text)
    ADC_DiscModeCmd                          0x08001f05   Thumb Code    22  stm32f10x_adc.o(.text)
    ADC_RegularChannelConfig                 0x08001f1b   Thumb Code   184  stm32f10x_adc.o(.text)
    ADC_ExternalTrigConvCmd                  0x08001fd3   Thumb Code    22  stm32f10x_adc.o(.text)
    ADC_GetConversionValue                   0x08001fe9   Thumb Code     8  stm32f10x_adc.o(.text)
    ADC_GetDualModeConversionValue           0x08001ff1   Thumb Code     8  stm32f10x_adc.o(.text)
    ADC_AutoInjectedConvCmd                  0x08001ff9   Thumb Code    22  stm32f10x_adc.o(.text)
    ADC_InjectedDiscModeCmd                  0x0800200f   Thumb Code    22  stm32f10x_adc.o(.text)
    ADC_ExternalTrigInjectedConvConfig       0x08002025   Thumb Code    16  stm32f10x_adc.o(.text)
    ADC_ExternalTrigInjectedConvCmd          0x08002035   Thumb Code    22  stm32f10x_adc.o(.text)
    ADC_SoftwareStartInjectedConvCmd         0x0800204b   Thumb Code    22  stm32f10x_adc.o(.text)
    ADC_GetSoftwareStartInjectedConvCmdStatus 0x08002061   Thumb Code    20  stm32f10x_adc.o(.text)
    ADC_InjectedChannelConfig                0x08002075   Thumb Code   130  stm32f10x_adc.o(.text)
    ADC_InjectedSequencerLengthConfig        0x080020f7   Thumb Code    24  stm32f10x_adc.o(.text)
    ADC_SetInjectedOffset                    0x0800210f   Thumb Code    20  stm32f10x_adc.o(.text)
    ADC_GetInjectedConversionValue           0x08002123   Thumb Code    28  stm32f10x_adc.o(.text)
    ADC_AnalogWatchdogCmd                    0x0800213f   Thumb Code    16  stm32f10x_adc.o(.text)
    ADC_AnalogWatchdogThresholdsConfig       0x0800214f   Thumb Code     6  stm32f10x_adc.o(.text)
    ADC_AnalogWatchdogSingleChannelConfig    0x08002155   Thumb Code    16  stm32f10x_adc.o(.text)
    ADC_TempSensorVrefintCmd                 0x08002165   Thumb Code    64  stm32f10x_adc.o(.text)
    ADC_GetFlagStatus                        0x080021a5   Thumb Code    18  stm32f10x_adc.o(.text)
    ADC_ClearFlag                            0x080021b7   Thumb Code     6  stm32f10x_adc.o(.text)
    ADC_GetITStatus                          0x080021bd   Thumb Code    36  stm32f10x_adc.o(.text)
    ADC_ClearITPendingBit                    0x080021e1   Thumb Code    10  stm32f10x_adc.o(.text)
    DMA_DeInit                               0x080021ed   Thumb Code   324  stm32f10x_dma.o(.text)
    DMA_Init                                 0x08002331   Thumb Code    60  stm32f10x_dma.o(.text)
    DMA_StructInit                           0x0800236d   Thumb Code    26  stm32f10x_dma.o(.text)
    DMA_Cmd                                  0x08002387   Thumb Code    24  stm32f10x_dma.o(.text)
    DMA_ITConfig                             0x0800239f   Thumb Code    18  stm32f10x_dma.o(.text)
    DMA_SetCurrDataCounter                   0x080023b1   Thumb Code     4  stm32f10x_dma.o(.text)
    DMA_GetCurrDataCounter                   0x080023b5   Thumb Code     8  stm32f10x_dma.o(.text)
    DMA_GetFlagStatus                        0x080023bd   Thumb Code    40  stm32f10x_dma.o(.text)
    DMA_ClearFlag                            0x080023e5   Thumb Code    22  stm32f10x_dma.o(.text)
    DMA_GetITStatus                          0x080023fb   Thumb Code    40  stm32f10x_dma.o(.text)
    DMA_ClearITPendingBit                    0x08002423   Thumb Code    22  stm32f10x_dma.o(.text)
    delay_us                                 0x08002441   Thumb Code    54  delay.o(.text)
    Key_IO_Init                              0x08002479   Thumb Code    70  key.o(.text)
    key_pros                                 0x080024bf   Thumb Code   228  key.o(.text)
    usart_init                               0x080025c1   Thumb Code   184  usart.o(.text)
    USART1_IRQHandler                        0x08002679   Thumb Code    66  usart.o(.text)
    timer_init                               0x080026c9   Thumb Code   106  timer.o(.text)
    TIM3_IRQHandler                          0x08002733   Thumb Code   144  timer.o(.text)
    adc_init                                 0x080027e1   Thumb Code   262  adc.o(.text)
    adc_result                               0x080028e7   Thumb Code    42  adc.o(.text)
    fputc                                    0x08002921   Thumb Code    32  printf.o(.text)
    printf_init                              0x08002941   Thumb Code   168  printf.o(.text)
    pwm_init                                 0x080029f1   Thumb Code   146  pwm.o(.text)
    pwm_x                                    0x08002a83   Thumb Code    36  pwm.o(.text)
    PIDM1_Init                               0x08002ab9   Thumb Code    30  pid.o(.text)
    PIDM2_Init                               0x08002ad7   Thumb Code    34  pid.o(.text)
    PIDM1_SetPoint                           0x08002af9   Thumb Code     6  pid.o(.text)
    PIDM2_SetPoint                           0x08002aff   Thumb Code     6  pid.o(.text)
    PIDM1_SetKp                              0x08002b05   Thumb Code     6  pid.o(.text)
    PIDM2_SetKp                              0x08002b0b   Thumb Code     6  pid.o(.text)
    PIDM1_SetKi                              0x08002b11   Thumb Code     6  pid.o(.text)
    PIDM2_SetKi                              0x08002b17   Thumb Code     6  pid.o(.text)
    PIDM1_SetKd                              0x08002b1d   Thumb Code     6  pid.o(.text)
    PIDM2_SetKd                              0x08002b23   Thumb Code     6  pid.o(.text)
    PIDM1_PosLocCalc                         0x08002b29   Thumb Code   224  pid.o(.text)
    PIDM2_PosLocCalc                         0x08002c09   Thumb Code   224  pid.o(.text)
    __aeabi_fadd                             0x08002d09   Thumb Code   164  fadd.o(.text)
    __aeabi_fsub                             0x08002dad   Thumb Code     6  fadd.o(.text)
    __aeabi_frsub                            0x08002db3   Thumb Code     6  fadd.o(.text)
    __aeabi_fmul                             0x08002db9   Thumb Code   100  fmul.o(.text)
    __aeabi_fdiv                             0x08002e1d   Thumb Code   124  fdiv.o(.text)
    __aeabi_dadd                             0x08002e99   Thumb Code   322  dadd.o(.text)
    __aeabi_dsub                             0x08002fdb   Thumb Code     6  dadd.o(.text)
    __aeabi_drsub                            0x08002fe1   Thumb Code     6  dadd.o(.text)
    __aeabi_dmul                             0x08002fe7   Thumb Code   228  dmul.o(.text)
    __aeabi_ui2d                             0x080030cb   Thumb Code    26  dfltui.o(.text)
    __aeabi_d2iz                             0x080030e5   Thumb Code    62  dfixi.o(.text)
    __aeabi_f2d                              0x08003123   Thumb Code    38  f2d.o(.text)
    __aeabi_cdcmpeq                          0x08003149   Thumb Code     0  cdcmple.o(.text)
    __aeabi_cdcmple                          0x08003149   Thumb Code    48  cdcmple.o(.text)
    __aeabi_cdrcmple                         0x08003179   Thumb Code    48  cdrcmple.o(.text)
    __aeabi_d2f                              0x080031a9   Thumb Code    56  d2f.o(.text)
    __aeabi_uidiv                            0x080031e1   Thumb Code     0  uidiv.o(.text)
    __aeabi_uidivmod                         0x080031e1   Thumb Code    44  uidiv.o(.text)
    __aeabi_llsl                             0x0800320d   Thumb Code    30  llshl.o(.text)
    _ll_shift_l                              0x0800320d   Thumb Code     0  llshl.o(.text)
    __aeabi_llsr                             0x0800322b   Thumb Code    32  llushr.o(.text)
    _ll_ushift_r                             0x0800322b   Thumb Code     0  llushr.o(.text)
    __aeabi_lasr                             0x0800324b   Thumb Code    36  llsshr.o(.text)
    _ll_sshift_r                             0x0800324b   Thumb Code     0  llsshr.o(.text)
    __I$use$fp                               0x0800326f   Thumb Code     0  iusefp.o(.text)
    _float_round                             0x0800326f   Thumb Code    18  fepilogue.o(.text)
    _float_epilogue                          0x08003281   Thumb Code    92  fepilogue.o(.text)
    _double_round                            0x080032dd   Thumb Code    30  depilogue.o(.text)
    _double_epilogue                         0x080032fb   Thumb Code   156  depilogue.o(.text)
    __aeabi_ddiv                             0x08003397   Thumb Code   222  ddiv.o(.text)
    __scatterload                            0x08003475   Thumb Code    28  init.o(.text)
    __scatterload_rt2                        0x08003475   Thumb Code     0  init.o(.text)
    __ARM_scalbn                             0x08003499   Thumb Code    46  dscalb.o(.text)
    scalbn                                   0x08003499   Thumb Code     0  dscalb.o(.text)
    __aeabi_i2d                              0x080034c7   Thumb Code    34  dflti.o(.text)
    __0printf$1                              0x080034e9   Thumb Code    22  printf1.o(i.__0printf$1)
    __1printf$1                              0x080034e9   Thumb Code     0  printf1.o(i.__0printf$1)
    __2printf                                0x080034e9   Thumb Code     0  printf1.o(i.__0printf$1)
    __ARM_fpclassify                         0x08003509   Thumb Code    40  fpclassify.o(i.__ARM_fpclassify)
    __ieee754_rem_pio2                       0x08003531   Thumb Code   828  rred.o(i.__ieee754_rem_pio2)
    __kernel_cos                             0x080038b9   Thumb Code   230  cos_i.o(i.__kernel_cos)
    __kernel_poly                            0x080039b5   Thumb Code   170  poly.o(i.__kernel_poly)
    __kernel_sin                             0x08003a61   Thumb Code   224  sin_i.o(i.__kernel_sin)
    __mathlib_dbl_infnan                     0x08003b4d   Thumb Code     6  dunder.o(i.__mathlib_dbl_infnan)
    __mathlib_dbl_invalid                    0x08003b53   Thumb Code    12  dunder.o(i.__mathlib_dbl_invalid)
    __mathlib_dbl_underflow                  0x08003b61   Thumb Code    10  dunder.o(i.__mathlib_dbl_underflow)
    __scatterload_copy                       0x08003b71   Thumb Code    14  handlers.o(i.__scatterload_copy)
    __scatterload_null                       0x08003b7f   Thumb Code     2  handlers.o(i.__scatterload_null)
    __scatterload_zeroinit                   0x08003b81   Thumb Code    14  handlers.o(i.__scatterload_zeroinit)
    __set_errno                              0x08003b91   Thumb Code     6  errno.o(i.__set_errno)
    sin                                      0x08003cf1   Thumb Code   150  sin.o(i.sin)
    Region$$Table$$Base                      0x08003eb0   Number         0  anon$$obj.o(Region$$Table)
    Region$$Table$$Limit                     0x08003ed0   Number         0  anon$$obj.o(Region$$Table)
    Du_x                                     0x20000000   Data           4  main.o(.data)
    Du_y                                     0x20000004   Data           4  main.o(.data)
    i                                        0x20000008   Data           2  main.o(.data)
    SystemCoreClock                          0x2000000c   Data           4  system_stm32f10x.o(.data)
    AHBPrescTable                            0x20000010   Data          16  system_stm32f10x.o(.data)
    j                                        0x20000034   Data           2  key.o(.data)
    o                                        0x20000038   Data           4  timer.o(.data)
    __stdout                                 0x2000003c   Data           4  stdout.o(.data)
    AD_Value                                 0x20000044   Data          40  main.o(.bss)
    M1PID                                    0x20000070   Data          40  pid.o(.bss)
    M2PID                                    0x20000098   Data          40  pid.o(.bss)
    __initial_sp                             0x200004c0   Data           0  startup_stm32f10x_hd.o(STACK)



==============================================================================

Memory Map of the image

  Image Entry point : 0x08000379

  Load Region LR_1 (Base: 0x08000000, Size: 0x00003f14, Max: 0xffffffff, ABSOLUTE)

    Execution Region ER_RO (Base: 0x08000000, Size: 0x00003ed0, Max: 0xffffffff, ABSOLUTE)

    Base Addr    Size         Type   Attr      Idx    E Section Name        Object

    0x08000000   0x00000130   Data   RO          201    RESET               startup_stm32f10x_hd.o
    0x08000130   0x00000000   Code   RO          453  * .ARM.Collect$$$$00000000  mc_w.l(entry.o)
    0x08000130   0x00000004   Code   RO          767    .ARM.Collect$$$$00000001  mc_w.l(entry2.o)
    0x08000134   0x00000004   Code   RO          770    .ARM.Collect$$$$00000004  mc_w.l(entry5.o)
    0x08000138   0x00000000   Code   RO          772    .ARM.Collect$$$$00000008  mc_w.l(entry7b.o)
    0x08000138   0x00000000   Code   RO          774    .ARM.Collect$$$$0000000A  mc_w.l(entry8b.o)
    0x08000138   0x00000008   Code   RO          775    .ARM.Collect$$$$0000000B  mc_w.l(entry9a.o)
    0x08000140   0x00000000   Code   RO          777    .ARM.Collect$$$$0000000D  mc_w.l(entry10a.o)
    0x08000140   0x00000000   Code   RO          779    .ARM.Collect$$$$0000000F  mc_w.l(entry11a.o)
    0x08000140   0x00000004   Code   RO          768    .ARM.Collect$$$$00002712  mc_w.l(entry2.o)
    0x08000144   0x00000038   Code   RO            1    .text               main.o
    0x0800017c   0x0000001a   Code   RO          136    .text               stm32f10x_it.o
    0x08000196   0x00000002   PAD
    0x08000198   0x000001e0   Code   RO          162    .text               system_stm32f10x.o
    0x08000378   0x00000024   Code   RO          202  * .text               startup_stm32f10x_hd.o
    0x0800039c   0x0000035c   Code   RO          206    .text               stm32f10x_gpio.o
    0x080006f8   0x000003a4   Code   RO          218    .text               stm32f10x_rcc.o
    0x08000a9c   0x00000408   Code   RO          232    .text               stm32f10x_usart.o
    0x08000ea4   0x000000dc   Code   RO          244    .text               misc.o
    0x08000f80   0x00000e1a   Code   RO          256    .text               stm32f10x_tim.o
    0x08001d9a   0x00000002   PAD
    0x08001d9c   0x0000044e   Code   RO          268    .text               stm32f10x_adc.o
    0x080021ea   0x00000002   PAD
    0x080021ec   0x00000254   Code   RO          280    .text               stm32f10x_dma.o
    0x08002440   0x00000036   Code   RO          292    .text               delay.o
    0x08002476   0x00000002   PAD
    0x08002478   0x00000148   Code   RO          307    .text               key.o
    0x080025c0   0x00000108   Code   RO          329    .text               usart.o
    0x080026c8   0x00000118   Code   RO          345    .text               timer.o
    0x080027e0   0x00000140   Code   RO          380    .text               adc.o
    0x08002920   0x000000d0   Code   RO          393    .text               printf.o
    0x080029f0   0x000000c8   Code   RO          405    .text               pwm.o
    0x08002ab8   0x00000250   Code   RO          430    .text               pid.o
    0x08002d08   0x000000b0   Code   RO          717    .text               mf_w.l(fadd.o)
    0x08002db8   0x00000064   Code   RO          719    .text               mf_w.l(fmul.o)
    0x08002e1c   0x0000007c   Code   RO          721    .text               mf_w.l(fdiv.o)
    0x08002e98   0x0000014e   Code   RO          723    .text               mf_w.l(dadd.o)
    0x08002fe6   0x000000e4   Code   RO          725    .text               mf_w.l(dmul.o)
    0x080030ca   0x0000001a   Code   RO          727    .text               mf_w.l(dfltui.o)
    0x080030e4   0x0000003e   Code   RO          729    .text               mf_w.l(dfixi.o)
    0x08003122   0x00000026   Code   RO          731    .text               mf_w.l(f2d.o)
    0x08003148   0x00000030   Code   RO          733    .text               mf_w.l(cdcmple.o)
    0x08003178   0x00000030   Code   RO          735    .text               mf_w.l(cdrcmple.o)
    0x080031a8   0x00000038   Code   RO          737    .text               mf_w.l(d2f.o)
    0x080031e0   0x0000002c   Code   RO          782    .text               mc_w.l(uidiv.o)
    0x0800320c   0x0000001e   Code   RO          786    .text               mc_w.l(llshl.o)
    0x0800322a   0x00000020   Code   RO          788    .text               mc_w.l(llushr.o)
    0x0800324a   0x00000024   Code   RO          790    .text               mc_w.l(llsshr.o)
    0x0800326e   0x00000000   Code   RO          799    .text               mc_w.l(iusefp.o)
    0x0800326e   0x0000006e   Code   RO          800    .text               mf_w.l(fepilogue.o)
    0x080032dc   0x000000ba   Code   RO          802    .text               mf_w.l(depilogue.o)
    0x08003396   0x000000de   Code   RO          804    .text               mf_w.l(ddiv.o)
    0x08003474   0x00000024   Code   RO          812    .text               mc_w.l(init.o)
    0x08003498   0x0000002e   Code   RO          814    .text               mf_w.l(dscalb.o)
    0x080034c6   0x00000022   Code   RO          816    .text               mf_w.l(dflti.o)
    0x080034e8   0x00000020   Code   RO          501    i.__0printf$1       mc_w.l(printf1.o)
    0x08003508   0x00000028   Code   RO          808    i.__ARM_fpclassify  m_ws.l(fpclassify.o)
    0x08003530   0x00000388   Code   RO          756    i.__ieee754_rem_pio2  m_ws.l(rred.o)
    0x080038b8   0x000000fc   Code   RO          739    i.__kernel_cos      m_ws.l(cos_i.o)
    0x080039b4   0x000000aa   Code   RO          810    i.__kernel_poly     m_ws.l(poly.o)
    0x08003a5e   0x00000002   PAD
    0x08003a60   0x000000ec   Code   RO          761    i.__kernel_sin      m_ws.l(sin_i.o)
    0x08003b4c   0x00000006   Code   RO          743    i.__mathlib_dbl_infnan  m_ws.l(dunder.o)
    0x08003b52   0x0000000c   Code   RO          745    i.__mathlib_dbl_invalid  m_ws.l(dunder.o)
    0x08003b5e   0x00000002   PAD
    0x08003b60   0x00000010   Code   RO          748    i.__mathlib_dbl_underflow  m_ws.l(dunder.o)
    0x08003b70   0x0000000e   Code   RO          820    i.__scatterload_copy  mc_w.l(handlers.o)
    0x08003b7e   0x00000002   Code   RO          821    i.__scatterload_null  mc_w.l(handlers.o)
    0x08003b80   0x0000000e   Code   RO          822    i.__scatterload_zeroinit  mc_w.l(handlers.o)
    0x08003b8e   0x00000002   PAD
    0x08003b90   0x0000000c   Code   RO          794    i.__set_errno       mc_w.l(errno.o)
    0x08003b9c   0x00000154   Code   RO          508    i._printf_core      mc_w.l(printf1.o)
    0x08003cf0   0x000000a0   Code   RO          446    i.sin               m_ws.l(sin.o)
    0x08003d90   0x00000030   Data   RO          740    .constdata          m_ws.l(cos_i.o)
    0x08003dc0   0x000000c8   Data   RO          758    .constdata          m_ws.l(rred.o)
    0x08003e88   0x00000028   Data   RO          762    .constdata          m_ws.l(sin_i.o)
    0x08003eb0   0x00000020   Data   RO          818    Region$$Table       anon$$obj.o


    Execution Region ER_RW (Base: 0x20000000, Size: 0x00000044, Max: 0xffffffff, ABSOLUTE)

    Base Addr    Size         Type   Attr      Idx    E Section Name        Object

    0x20000000   0x0000000a   Data   RW            3    .data               main.o
    0x2000000a   0x00000002   PAD
    0x2000000c   0x00000014   Data   RW          163    .data               system_stm32f10x.o
    0x20000020   0x00000014   Data   RW          219    .data               stm32f10x_rcc.o
    0x20000034   0x00000002   Data   RW          308    .data               key.o
    0x20000036   0x00000001   Data   RW          330    .data               usart.o
    0x20000037   0x00000001   PAD
    0x20000038   0x00000004   Data   RW          346    .data               timer.o
    0x2000003c   0x00000004   Data   RW          781    .data               mc_w.l(stdout.o)
    0x20000040   0x00000004   Data   RW          795    .data               mc_w.l(errno.o)


    Execution Region ER_ZI (Base: 0x20000044, Size: 0x0000047c, Max: 0xffffffff, ABSOLUTE)

    Base Addr    Size         Type   Attr      Idx    E Section Name        Object

    0x20000044   0x00000028   Zero   RW            2    .bss                main.o
    0x2000006c   0x00000004   PAD
    0x20000070   0x00000050   Zero   RW          431    .bss                pid.o
    0x200000c0   0x00000400   Zero   RW          199    STACK               startup_stm32f10x_hd.o


==============================================================================

Image component sizes


      Code (inc. data)   RO Data    RW Data    ZI Data      Debug   Object Name

       320         16          0          0          0        934   adc.o
         0          0          0          0          0         32   core_cm3.o
        54          0          0          0          0        503   delay.o
       328         30          0          2          0        923   key.o
        56         18          0         10         40     273754   main.o
       220         22          0          0          0       1945   misc.o
       592         32          0          0         80       3186   pid.o
       208          8          0          0          0        888   printf.o
       200         18          0          0          0        809   pwm.o
        36          8        304          0       1024        904   startup_stm32f10x_hd.o
      1102         26          0          0          0      11185   stm32f10x_adc.o
       596          8          0          0          0       4514   stm32f10x_dma.o
       860         38          0          0          0       5877   stm32f10x_gpio.o
        26          0          0          0          0       1230   stm32f10x_it.o
       932         36          0         20          0       9100   stm32f10x_rcc.o
      3610         88          0          0          0      22988   stm32f10x_tim.o
      1032         22          0          0          0       8604   stm32f10x_usart.o
       480         38          0         20          0       2099   system_stm32f10x.o
       280         30          0          4          0       1013   timer.o
       264         14          0          1          0        823   usart.o

    ----------------------------------------------------------------------
     11204        452        336         60       1148     351311   Object Totals
         0          0         32          0          0          0   (incl. Generated)
         8          0          0          3          4          0   (incl. Padding)

    ----------------------------------------------------------------------

      Code (inc. data)   RO Data    RW Data    ZI Data      Debug   Library Member Name

       252         22         48          0          0        124   cos_i.o
        34          6          0          0          0        204   dunder.o
        40          0          0          0          0         68   fpclassify.o
       170          0          0          0          0         96   poly.o
       904         76        200          0          0        140   rred.o
       160         10          0          0          0        108   sin.o
       236         12         40          0          0        128   sin_i.o
         0          0          0          0          0          0   entry.o
         0          0          0          0          0          0   entry10a.o
         0          0          0          0          0          0   entry11a.o
         8          4          0          0          0          0   entry2.o
         4          0          0          0          0          0   entry5.o
         0          0          0          0          0          0   entry7b.o
         0          0          0          0          0          0   entry8b.o
         8          4          0          0          0          0   entry9a.o
        12          6          0          4          0         68   errno.o
        30          0          0          0          0          0   handlers.o
        36          8          0          0          0         68   init.o
         0          0          0          0          0          0   iusefp.o
        30          0          0          0          0         68   llshl.o
        36          0          0          0          0         68   llsshr.o
        32          0          0          0          0         68   llushr.o
       372         14          0          0          0        184   printf1.o
         0          0          0          4          0          0   stdout.o
        44          0          0          0          0         80   uidiv.o
        48          0          0          0          0         68   cdcmple.o
        48          0          0          0          0         68   cdrcmple.o
        56          0          0          0          0         88   d2f.o
       334          0          0          0          0        148   dadd.o
       222          0          0          0          0        100   ddiv.o
       186          0          0          0          0        176   depilogue.o
        62          0          0          0          0         80   dfixi.o
        34          0          0          0          0         76   dflti.o
        26          0          0          0          0         76   dfltui.o
       228          0          0          0          0         96   dmul.o
        46          0          0          0          0         80   dscalb.o
        38          0          0          0          0         68   f2d.o
       176          0          0          0          0        140   fadd.o
       124          0          0          0          0         88   fdiv.o
       110          0          0          0          0        168   fepilogue.o
       100          0          0          0          0         76   fmul.o

    ----------------------------------------------------------------------
      4252        162        288          8          0       3068   Library Totals
         6          0          0          0          0          0   (incl. Padding)

    ----------------------------------------------------------------------

      Code (inc. data)   RO Data    RW Data    ZI Data      Debug   Library Name

      1796        126        288          0          0        868   m_ws.l
       612         36          0          8          0        604   mc_w.l
      1838          0          0          0          0       1596   mf_w.l

    ----------------------------------------------------------------------
      4252        162        288          8          0       3068   Library Totals

    ----------------------------------------------------------------------

==============================================================================


      Code (inc. data)   RO Data    RW Data    ZI Data      Debug   

     15456        614        624         68       1148     351359   Grand Totals
     15456        614        624         68       1148     351359   ELF Image Totals
     15456        614        624         68          0          0   ROM Totals

==============================================================================

    Total RO  Size (Code + RO Data)                16080 (  15.70kB)
    Total RW  Size (RW Data + ZI Data)              1216 (   1.19kB)
    Total ROM Size (Code + RO Data + RW Data)      16148 (  15.77kB)

==============================================================================

